Component: ARM Compiler 5.06 update 2 (build 183) Tool: armlink [4d35b7]

==============================================================================

Section Cross References

    main.o(i.EXTI0_1_IRQHandler) refers to queue.o(i.xQueueGiveFromISR) for xQueueGiveFromISR
    main.o(i.EXTI0_1_IRQHandler) refers to main.o(.data) for .data
    main.o(i.main) refers to init.o(i.init) for init
    main.o(i.main) refers to timers.o(i.xTimerCreate) for xTimerCreate
    main.o(i.main) refers to tasks.o(i.xTaskGetTickCount) for xTaskGetTickCount
    main.o(i.main) refers to timers.o(i.xTimerGenericCommand) for xTimerGenericCommand
    main.o(i.main) refers to queue.o(i.xQueueGenericCreate) for xQueueGenericCreate
    main.o(i.main) refers to tasks.o(i.xTaskCreate) for xTaskCreate
    main.o(i.main) refers to tasks.o(i.vTaskStartScheduler) for vTaskStartScheduler
    main.o(i.main) refers to main.o(i.vAutoReloadTimerFunction) for vAutoReloadTimerFunction
    main.o(i.main) refers to main.o(.data) for .data
    main.o(i.main) refers to main.o(i.vTaskMain) for vTaskMain
    main.o(i.main) refers to main.o(i.vTaskDS3231) for vTaskDS3231
    main.o(i.vAutoReloadTimerFunction) refers to main.o(.data) for .data
    main.o(i.vTaskDS3231) refers to queue.o(i.xQueueSemaphoreTake) for xQueueSemaphoreTake
    main.o(i.vTaskDS3231) refers to tasks.o(i.vTaskSuspend) for vTaskSuspend
    main.o(i.vTaskDS3231) refers to delays.o(i.delay_ms) for delay_ms
    main.o(i.vTaskDS3231) refers to max7219.o(i.MAX7219_DisplayClear) for MAX7219_DisplayClear
    main.o(i.vTaskDS3231) refers to max7219.o(i.MAX7219_DrawDigit1) for MAX7219_DrawDigit1
    main.o(i.vTaskDS3231) refers to aeabi_sdivfast.o(.text) for __aeabi_uidivmod
    main.o(i.vTaskDS3231) refers to max7219.o(i.MAX7219_DrawDigit3) for MAX7219_DrawDigit3
    main.o(i.vTaskDS3231) refers to max7219.o(i.MAX7219_DrawDigit4) for MAX7219_DrawDigit4
    main.o(i.vTaskDS3231) refers to tasks.o(i.vTaskResume) for vTaskResume
    main.o(i.vTaskDS3231) refers to main.o(.data) for .data
    main.o(i.vTaskMain) refers to max7219.o(i.MAX7219_Init) for MAX7219_Init
    main.o(i.vTaskMain) refers to max7219.o(i.MAX7219_Indic) for MAX7219_Indic
    main.o(i.vTaskMain) refers to tasks.o(i.vTaskDelay) for vTaskDelay
    main.o(i.vTaskMain) refers to main.o(.data) for .data
    init.o(i.init) refers to init.o(i.init_i2c) for init_i2c
    max7219.o(i.MAX7219_DisplayClear) refers to max7219.o(i.MAX7219_WriteReg) for MAX7219_WriteReg
    max7219.o(i.MAX7219_DisplayTestVoid) refers to max7219.o(i.MAX7219_WriteReg) for MAX7219_WriteReg
    max7219.o(i.MAX7219_DrawDigit1) refers to max7219.o(i.MAX7219_WriteReg) for MAX7219_WriteReg
    max7219.o(i.MAX7219_DrawDigit1) refers to max7219.o(.data) for .data
    max7219.o(i.MAX7219_DrawDigit2) refers to max7219.o(i.MAX7219_WriteReg) for MAX7219_WriteReg
    max7219.o(i.MAX7219_DrawDigit2) refers to max7219.o(.data) for .data
    max7219.o(i.MAX7219_DrawDigit3) refers to max7219.o(i.MAX7219_WriteReg) for MAX7219_WriteReg
    max7219.o(i.MAX7219_DrawDigit3) refers to max7219.o(.data) for .data
    max7219.o(i.MAX7219_DrawDigit4) refers to max7219.o(i.MAX7219_WriteReg) for MAX7219_WriteReg
    max7219.o(i.MAX7219_DrawDigit4) refers to max7219.o(.data) for .data
    max7219.o(i.MAX7219_Indic) refers to max7219.o(i.MAX7219_WriteReg) for MAX7219_WriteReg
    max7219.o(i.MAX7219_Indic) refers to max7219.o(i.MAX7219_DrawDigit2) for MAX7219_DrawDigit2
    max7219.o(i.MAX7219_Indic) refers to max7219.o(.data) for .data
    max7219.o(i.MAX7219_Init) refers to max7219.o(i.MAX7219_WriteReg) for MAX7219_WriteReg
    max7219.o(i.MAX7219_Power) refers to max7219.o(i.MAX7219_WriteReg) for MAX7219_WriteReg
    max7219.o(i.MAX7219_SetIntensity) refers to max7219.o(i.MAX7219_WriteReg) for MAX7219_WriteReg
    max7219.o(i.MAX7219_WriteReg) refers to delays.o(i.delay_us) for delay_us
    event_groups.o(i.vEventGroupClearBitsCallback) refers to port.o(i.vPortEnterCritical) for vPortEnterCritical
    event_groups.o(i.vEventGroupClearBitsCallback) refers to port.o(i.vPortExitCritical) for vPortExitCritical
    event_groups.o(i.vEventGroupDelete) refers to tasks.o(i.vTaskSuspendAll) for vTaskSuspendAll
    event_groups.o(i.vEventGroupDelete) refers to tasks.o(i.vTaskRemoveFromUnorderedEventList) for vTaskRemoveFromUnorderedEventList
    event_groups.o(i.vEventGroupDelete) refers to heap_1.o(i.vPortFree) for vPortFree
    event_groups.o(i.vEventGroupDelete) refers to tasks.o(i.xTaskResumeAll) for xTaskResumeAll
    event_groups.o(i.vEventGroupSetBitsCallback) refers to event_groups.o(i.xEventGroupSetBits) for xEventGroupSetBits
    event_groups.o(i.xEventGroupClearBits) refers to port.o(i.vPortEnterCritical) for vPortEnterCritical
    event_groups.o(i.xEventGroupClearBits) refers to port.o(i.vPortExitCritical) for vPortExitCritical
    event_groups.o(i.xEventGroupCreate) refers to heap_1.o(i.pvPortMalloc) for pvPortMalloc
[...]
    tasks.o(i.xTaskResumeAll) refers to tasks.o(i.xTaskIncrementTick) for xTaskIncrementTick
    tasks.o(i.xTaskResumeAll) refers to port.o(i.vPortYield) for vPortYield
    tasks.o(i.xTaskResumeAll) refers to port.o(i.vPortExitCritical) for vPortExitCritical
    tasks.o(i.xTaskResumeAll) refers to tasks.o(.data) for .data
    tasks.o(i.xTaskResumeAll) refers to tasks.o(.bss) for .bss
    tasks.o(i.xTaskResumeFromISR) refers to port.o(.emb_text) for ulSetInterruptMaskFromISR
    tasks.o(i.xTaskResumeFromISR) refers to list.o(i.uxListRemove) for uxListRemove
    tasks.o(i.xTaskResumeFromISR) refers to list.o(i.vListInsertEnd) for vListInsertEnd
    tasks.o(i.xTaskResumeFromISR) refers to tasks.o(.bss) for .bss
    tasks.o(i.xTaskResumeFromISR) refers to tasks.o(.data) for .data
    timers.o(i.prvSampleTimeNow) refers to tasks.o(i.xTaskGetTickCount) for xTaskGetTickCount
    timers.o(i.prvSampleTimeNow) refers to list.o(i.uxListRemove) for uxListRemove
    timers.o(i.prvSampleTimeNow) refers to list.o(i.vListInsert) for vListInsert
    timers.o(i.prvSampleTimeNow) refers to tasks.o(i.xTaskGetSchedulerState) for xTaskGetSchedulerState
    timers.o(i.prvSampleTimeNow) refers to queue.o(i.xQueueGenericSend) for xQueueGenericSend
    timers.o(i.prvSampleTimeNow) refers to timers.o(.data) for .data
    timers.o(i.prvTimerTask) refers to tasks.o(i.vTaskSuspendAll) for vTaskSuspendAll
    timers.o(i.prvTimerTask) refers to timers.o(i.prvSampleTimeNow) for prvSampleTimeNow
    timers.o(i.prvTimerTask) refers to tasks.o(i.xTaskResumeAll) for xTaskResumeAll
    timers.o(i.prvTimerTask) refers to queue.o(i.xQueueReceive) for xQueueReceive
    timers.o(i.prvTimerTask) refers to list.o(i.uxListRemove) for uxListRemove
    timers.o(i.prvTimerTask) refers to tasks.o(i.xTaskGetTickCount) for xTaskGetTickCount
    timers.o(i.prvTimerTask) refers to queue.o(i.vQueueWaitForMessageRestricted) for vQueueWaitForMessageRestricted
    timers.o(i.prvTimerTask) refers to port.o(i.vPortYield) for vPortYield
    timers.o(i.prvTimerTask) refers to list.o(i.vListInsert) for vListInsert
    timers.o(i.prvTimerTask) refers to timers.o(i.xTimerGenericCommand) for xTimerGenericCommand
    timers.o(i.prvTimerTask) refers to tasks.o(i.xTaskGetSchedulerState) for xTaskGetSchedulerState
    timers.o(i.prvTimerTask) refers to queue.o(i.xQueueGenericSend) for xQueueGenericSend
    timers.o(i.prvTimerTask) refers to heap_1.o(i.vPortFree) for vPortFree
    timers.o(i.prvTimerTask) refers to timers.o(.data) for .data
    timers.o(i.pvTimerGetTimerID) refers to port.o(i.vPortEnterCritical) for vPortEnterCritical
    timers.o(i.pvTimerGetTimerID) refers to port.o(i.vPortExitCritical) for vPortExitCritical
    timers.o(i.vTimerSetTimerID) refers to port.o(i.vPortEnterCritical) for vPortEnterCritical
    timers.o(i.vTimerSetTimerID) refers to port.o(i.vPortExitCritical) for vPortExitCritical
    timers.o(i.xTimerCreate) refers to heap_1.o(i.pvPortMalloc) for pvPortMalloc
    timers.o(i.xTimerCreate) refers to port.o(i.vPortEnterCritical) for vPortEnterCritical
    timers.o(i.xTimerCreate) refers to list.o(i.vListInitialise) for vListInitialise
    timers.o(i.xTimerCreate) refers to queue.o(i.xQueueGenericCreate) for xQueueGenericCreate
    timers.o(i.xTimerCreate) refers to queue.o(i.vQueueAddToRegistry) for vQueueAddToRegistry
    timers.o(i.xTimerCreate) refers to port.o(i.vPortExitCritical) for vPortExitCritical
    timers.o(i.xTimerCreate) refers to list.o(i.vListInitialiseItem) for vListInitialiseItem
    timers.o(i.xTimerCreate) refers to timers.o(.data) for .data
    timers.o(i.xTimerCreate) refers to timers.o(.bss) for .bss
    timers.o(i.xTimerCreate) refers to timers.o(i.xTimerCreateTimerTask) for i.xTimerCreateTimerTask
    timers.o(i.xTimerCreateTimerTask) refers to port.o(i.vPortEnterCritical) for vPortEnterCritical
    timers.o(i.xTimerCreateTimerTask) refers to list.o(i.vListInitialise) for vListInitialise
    timers.o(i.xTimerCreateTimerTask) refers to queue.o(i.xQueueGenericCreate) for xQueueGenericCreate
    timers.o(i.xTimerCreateTimerTask) refers to queue.o(i.vQueueAddToRegistry) for vQueueAddToRegistry
    timers.o(i.xTimerCreateTimerTask) refers to port.o(i.vPortExitCritical) for vPortExitCritical
    timers.o(i.xTimerCreateTimerTask) refers to tasks.o(i.xTaskCreate) for xTaskCreate
    timers.o(i.xTimerCreateTimerTask) refers to timers.o(.data) for .data
    timers.o(i.xTimerCreateTimerTask) refers to timers.o(.bss) for .bss
    timers.o(i.xTimerCreateTimerTask) refers to timers.o(i.prvTimerTask) for prvTimerTask
    timers.o(i.xTimerGenericCommand) refers to tasks.o(i.xTaskGetSchedulerState) for xTaskGetSchedulerState
    timers.o(i.xTimerGenericCommand) refers to queue.o(i.xQueueGenericSend) for xQueueGenericSend
    timers.o(i.xTimerGenericCommand) refers to queue.o(i.xQueueGenericSendFromISR) for xQueueGenericSendFromISR
    timers.o(i.xTimerGenericCommand) refers to timers.o(.data) for .data
    timers.o(i.xTimerGetTimerDaemonTaskHandle) refers to timers.o(.data) for .data
    timers.o(i.xTimerIsTimerActive) refers to port.o(i.vPortEnterCritical) for vPortEnterCritical
    timers.o(i.xTimerIsTimerActive) refers to port.o(i.vPortExitCritical) for vPortExitCritical
    startup_stm32f030x6.o(STACK) refers (Special) to heapauxi.o(.text) for __use_two_region_memory
    startup_stm32f030x6.o(HEAP) refers (Special) to heapauxi.o(.text) for __use_two_region_memory
    startup_stm32f030x6.o(RESET) refers (Special) to heapauxi.o(.text) for __use_two_region_memory
    startup_stm32f030x6.o(RESET) refers to startup_stm32f030x6.o(STACK) for __initial_sp
    startup_stm32f030x6.o(RESET) refers to startup_stm32f030x6.o(.text) for Reset_Handler
    startup_stm32f030x6.o(RESET) refers to port.o(i.SVC_Handler) for SVC_Handler
    startup_stm32f030x6.o(RESET) refers to port.o(.emb_text) for PendSV_Handler
    startup_stm32f030x6.o(RESET) refers to port.o(i.SysTick_Handler) for SysTick_Handler
    startup_stm32f030x6.o(RESET) refers to main.o(i.EXTI0_1_IRQHandler) for EXTI0_1_IRQHandler
    startup_stm32f030x6.o(.text) refers (Special) to heapauxi.o(.text) for __use_two_region_memory
    startup_stm32f030x6.o(.text) refers to system_stm32f0xx.o(i.SystemInit) for SystemInit
    startup_stm32f030x6.o(.text) refers to __main.o(!!!main) for __main
    startup_stm32f030x6.o(.text) refers to startup_stm32f030x6.o(HEAP) for Heap_Mem
    startup_stm32f030x6.o(.text) refers to startup_stm32f030x6.o(STACK) for Stack_Mem
    system_stm32f0xx.o(i.SystemCoreClockUpdate) refers to aeabi_sdivfast.o(.text) for __aeabi_uidivmod
    system_stm32f0xx.o(i.SystemCoreClockUpdate) refers to system_stm32f0xx.o(.data) for .data
    system_stm32f0xx.o(i.SystemCoreClockUpdate) refers to system_stm32f0xx.o(.constdata) for .constdata
    rt_memcpy.o(.text) refers to rt_memcpy.o(.emb_text) for __aeabi_memcpy4
    memset.o(.text) refers to rt_memclr.o(.text) for _memset
    aeabi_memset.o(.text) refers to rt_memclr.o(.text) for _memset
    __main.o(!!!main) refers to __rtentry.o(.ARM.Collect$$rtentry$$00000000) for __rt_entry
    __rtentry.o(.ARM.Collect$$rtentry$$00000000) refers (Special) to __rtentry2.o(.ARM.Collect$$rtentry$$0000000A) for __rt_entry_li
    __rtentry.o(.ARM.Collect$$rtentry$$00000000) refers (Special) to __rtentry2.o(.ARM.Collect$$rtentry$$0000000D) for __rt_entry_main
    __rtentry.o(.ARM.Collect$$rtentry$$00000000) refers (Special) to __rtentry2.o(.ARM.Collect$$rtentry$$0000000C) for __rt_entry_postli_1
    __rtentry.o(.ARM.Collect$$rtentry$$00000000) refers (Special) to __rtentry2.o(.ARM.Collect$$rtentry$$00000009) for __rt_entry_postsh_1
    __rtentry.o(.ARM.Collect$$rtentry$$00000000) refers (Special) to __rtentry2.o(.ARM.Collect$$rtentry$$00000002) for __rt_entry_presh_1
    __rtentry.o(.ARM.Collect$$rtentry$$00000000) refers (Special) to __rtentry4.o(.ARM.Collect$$rtentry$$00000004) for __rt_entry_sh
    aeabi_idiv0_sigfpe.o(.text) refers to rt_div0.o(.text) for __rt_div0
    __rtentry2.o(.ARM.Collect$$rtentry$$00000008) refers to boardinit2.o(.text) for _platform_post_stackheap_init
    __rtentry2.o(.ARM.Collect$$rtentry$$0000000A) refers to libinit.o(.ARM.Collect$$libinit$$00000000) for __rt_lib_init
    __rtentry2.o(.ARM.Collect$$rtentry$$0000000B) refers to boardinit3.o(.text) for _platform_post_lib_init
    __rtentry2.o(.ARM.Collect$$rtentry$$0000000D) refers to main.o(i.main) for main
    __rtentry2.o(.ARM.Collect$$rtentry$$0000000D) refers to exit.o(.text) for exit
    __rtentry2.o(.ARM.exidx) refers to __rtentry2.o(.ARM.Collect$$rtentry$$00000001) for .ARM.Collect$$rtentry$$00000001
    __rtentry2.o(.ARM.exidx) refers to __rtentry2.o(.ARM.Collect$$rtentry$$00000008) for .ARM.Collect$$rtentry$$00000008
    __rtentry2.o(.ARM.exidx) refers to __rtentry2.o(.ARM.Collect$$rtentry$$0000000A) for .ARM.Collect$$rtentry$$0000000A
    __rtentry2.o(.ARM.exidx) refers to __rtentry2.o(.ARM.Collect$$rtentry$$0000000B) for .ARM.Collect$$rtentry$$0000000B
    __rtentry2.o(.ARM.exidx) refers to __rtentry2.o(.ARM.Collect$$rtentry$$0000000D) for .ARM.Collect$$rtentry$$0000000D
    __rtentry4.o(.ARM.Collect$$rtentry$$00000004) refers to sys_stackheap_outer.o(.text) for __user_setup_stackheap
    __rtentry4.o(.ARM.exidx) refers to __rtentry4.o(.ARM.Collect$$rtentry$$00000004) for .ARM.Collect$$rtentry$$00000004
    rt_div0.o(.text) refers to defsig_fpe_outer.o(.text) for __rt_SIGFPE
    sys_stackheap_outer.o(.text) refers to libspace.o(.text) for __user_perproc_libspace
    sys_stackheap_outer.o(.text) refers to startup_stm32f030x6.o(.text) for __user_initial_stackheap
    sys_stackheap_outer.o(__vectab_stack_and_reset_area) refers to tempstk.o(.text) for __temporary_stack_top
    sys_stackheap_outer.o(__vectab_stack_and_reset_area) refers to __main.o(!!!main) for __main
    exit.o(.text) refers to rtexit.o(.ARM.Collect$$rtexit$$00000000) for __rt_exit
    defsig_fpe_outer.o(.text) refers to defsig_fpe_inner.o(.text) for __rt_SIGFPE_inner
    defsig_fpe_outer.o(.text) refers to defsig_exit.o(.text) for __sig_exit
    defsig_fpe_formal.o(.text) refers to rt_raise.o(.text) for __rt_raise
    libinit.o(.ARM.Collect$$libinit$$00000000) refers (Special) to libinit2.o(.ARM.Collect$$libinit$$0000002E) for __rt_lib_init_alloca_1
    libinit.o(.ARM.Collect$$libinit$$00000000) refers (Special) to libinit2.o(.ARM.Collect$$libinit$$0000002C) for __rt_lib_init_argv_1
    libinit.o(.ARM.Collect$$libinit$$00000000) refers (Special) to libinit2.o(.ARM.Collect$$libinit$$0000001B) for __rt_lib_init_atexit_1
    libinit.o(.ARM.Collect$$libinit$$00000000) refers (Special) to libinit2.o(.ARM.Collect$$libinit$$00000021) for __rt_lib_init_clock_1
    libinit.o(.ARM.Collect$$libinit$$00000000) refers (Special) to libinit2.o(.ARM.Collect$$libinit$$00000032) for __rt_lib_init_cpp_1
    libinit.o(.ARM.Collect$$libinit$$00000000) refers (Special) to libinit2.o(.ARM.Collect$$libinit$$00000030) for __rt_lib_init_exceptions_1
    libinit.o(.ARM.Collect$$libinit$$00000000) refers (Special) to libinit2.o(.ARM.Collect$$libinit$$00000002) for __rt_lib_init_fp_1
    libinit.o(.ARM.Collect$$libinit$$00000000) refers (Special) to libinit2.o(.ARM.Collect$$libinit$$0000001F) for __rt_lib_init_fp_trap_1
    libinit.o(.ARM.Collect$$libinit$$00000000) refers (Special) to libinit2.o(.ARM.Collect$$libinit$$00000023) for __rt_lib_init_getenv_1
    libinit.o(.ARM.Collect$$libinit$$00000000) refers (Special) to libinit2.o(.ARM.Collect$$libinit$$0000000A) for __rt_lib_init_heap_1
    libinit.o(.ARM.Collect$$libinit$$00000000) refers (Special) to libinit2.o(.ARM.Collect$$libinit$$00000011) for __rt_lib_init_lc_collate_1
    libinit.o(.ARM.Collect$$libinit$$00000000) refers (Special) to libinit2.o(.ARM.Collect$$libinit$$00000013) for __rt_lib_init_lc_ctype_1
    libinit.o(.ARM.Collect$$libinit$$00000000) refers (Special) to libinit2.o(.ARM.Collect$$libinit$$00000015) for __rt_lib_init_lc_monetary_1
    libinit.o(.ARM.Collect$$libinit$$00000000) refers (Special) to libinit2.o(.ARM.Collect$$libinit$$00000017) for __rt_lib_init_lc_numeric_1
    libinit.o(.ARM.Collect$$libinit$$00000000) refers (Special) to libinit2.o(.ARM.Collect$$libinit$$00000019) for __rt_lib_init_lc_time_1
    libinit.o(.ARM.Collect$$libinit$$00000000) refers (Special) to libinit2.o(.ARM.Collect$$libinit$$00000004) for __rt_lib_init_preinit_1
    libinit.o(.ARM.Collect$$libinit$$00000000) refers (Special) to libinit2.o(.ARM.Collect$$libinit$$0000000E) for __rt_lib_init_rand_1
    libinit.o(.ARM.Collect$$libinit$$00000000) refers (Special) to libinit2.o(.ARM.Collect$$libinit$$00000033) for __rt_lib_init_return
    libinit.o(.ARM.Collect$$libinit$$00000000) refers (Special) to libinit2.o(.ARM.Collect$$libinit$$0000001D) for __rt_lib_init_signal_1
    libinit.o(.ARM.Collect$$libinit$$00000000) refers (Special) to libinit2.o(.ARM.Collect$$libinit$$00000025) for __rt_lib_init_stdio_1
    libinit.o(.ARM.Collect$$libinit$$00000000) refers (Special) to libinit2.o(.ARM.Collect$$libinit$$0000000C) for __rt_lib_init_user_alloc_1
    libspace.o(.text) refers to libspace.o(.bss) for __libspace_start
    rtexit.o(.ARM.Collect$$rtexit$$00000000) refers (Special) to rtexit2.o(.ARM.Collect$$rtexit$$00000004) for __rt_exit_exit
    rtexit.o(.ARM.Collect$$rtexit$$00000000) refers (Special) to rtexit2.o(.ARM.Collect$$rtexit$$00000003) for __rt_exit_ls
    rtexit.o(.ARM.Collect$$rtexit$$00000000) refers (Special) to rtexit2.o(.ARM.Collect$$rtexit$$00000002) for __rt_exit_prels_1
    rtexit.o(.ARM.exidx) refers (Special) to rtexit2.o(.ARM.Collect$$rtexit$$00000004) for __rt_exit_exit
    rtexit.o(.ARM.exidx) refers (Special) to rtexit2.o(.ARM.Collect$$rtexit$$00000003) for __rt_exit_ls
    rtexit.o(.ARM.exidx) refers (Special) to rtexit2.o(.ARM.Collect$$rtexit$$00000002) for __rt_exit_prels_1
    rtexit.o(.ARM.exidx) refers to rtexit.o(.ARM.Collect$$rtexit$$00000000) for .ARM.Collect$$rtexit$$00000000
    rt_raise.o(.text) refers to __raise.o(.text) for __raise
    rt_raise.o(.text) refers to sys_exit.o(.text) for _sys_exit
    defsig_exit.o(.text) refers to sys_exit.o(.text) for _sys_exit
    defsig_fpe_inner.o(.text) refers to defsig_general.o(.text) for __default_signal_display
    libinit2.o(.ARM.Collect$$libinit$$00000010) refers to libinit2.o(.ARM.Collect$$libinit$$0000000F) for .ARM.Collect$$libinit$$0000000F
    libinit2.o(.ARM.Collect$$libinit$$00000012) refers to libinit2.o(.ARM.Collect$$libinit$$0000000F) for .ARM.Collect$$libinit$$0000000F
    libinit2.o(.ARM.Collect$$libinit$$00000014) refers to libinit2.o(.ARM.Collect$$libinit$$0000000F) for .ARM.Collect$$libinit$$0000000F
    libinit2.o(.ARM.Collect$$libinit$$00000016) refers to libinit2.o(.ARM.Collect$$libinit$$0000000F) for .ARM.Collect$$libinit$$0000000F
    libinit2.o(.ARM.Collect$$libinit$$00000018) refers to libinit2.o(.ARM.Collect$$libinit$$0000000F) for .ARM.Collect$$libinit$$0000000F
    libinit2.o(.ARM.Collect$$libinit$$00000026) refers to argv_veneer.o(.text) for __ARM_argv_veneer
    libinit2.o(.ARM.Collect$$libinit$$00000027) refers to argv_veneer.o(.text) for __ARM_argv_veneer
    sys_exit.o(.text) refers (Special) to use_no_semi.o(.text) for __I$use$semihosting
    sys_exit.o(.text) refers (Special) to indicate_semi.o(.text) for __semihosting_library_function
    rtexit2.o(.ARM.Collect$$rtexit$$00000003) refers to libshutdown.o(.ARM.Collect$$libshutdown$$00000000) for __rt_lib_shutdown
    rtexit2.o(.ARM.Collect$$rtexit$$00000004) refers to sys_exit.o(.text) for _sys_exit
    rtexit2.o(.ARM.exidx) refers to rtexit2.o(.ARM.Collect$$rtexit$$00000001) for .ARM.Collect$$rtexit$$00000001
    rtexit2.o(.ARM.exidx) refers to rtexit2.o(.ARM.Collect$$rtexit$$00000003) for .ARM.Collect$$rtexit$$00000003
    rtexit2.o(.ARM.exidx) refers to rtexit2.o(.ARM.Collect$$rtexit$$00000004) for .ARM.Collect$$rtexit$$00000004
    __raise.o(.text) refers to defsig.o(CL$$defsig) for __default_signal_handler
    defsig_general.o(.text) refers to sys_wrch.o(.text) for _ttywrch
    sys_wrch.o(.text) refers (Special) to use_no_semi.o(.text) for __I$use$semihosting
    sys_wrch.o(.text) refers (Special) to indicate_semi.o(.text) for __semihosting_library_function
    defsig.o(CL$$defsig) refers to defsig_fpe_inner.o(.text) for __rt_SIGFPE_inner
    defsig.o(CL$$defsig) refers to defsig_rtmem_inner.o(.text) for __rt_SIGRTMEM_inner
    _get_argv_nomalloc.o(.text) refers (Special) to hrguard.o(.text) for __heap_region$guard
    _get_argv_nomalloc.o(.text) refers to defsig_rtmem_outer.o(.text) for __rt_SIGRTMEM
    _get_argv_nomalloc.o(.text) refers to sys_command.o(.text) for _sys_command_string
    libshutdown.o(.ARM.Collect$$libshutdown$$00000000) refers (Special) to libshutdown2.o(.ARM.Collect$$libshutdown$$00000002) for __rt_lib_shutdown_cpp_1
    libshutdown.o(.ARM.Collect$$libshutdown$$00000000) refers (Special) to libshutdown2.o(.ARM.Collect$$libshutdown$$00000007) for __rt_lib_shutdown_fp_trap_1
    libshutdown.o(.ARM.Collect$$libshutdown$$00000000) refers (Special) to libshutdown2.o(.ARM.Collect$$libshutdown$$0000000F) for __rt_lib_shutdown_heap_1
    libshutdown.o(.ARM.Collect$$libshutdown$$00000000) refers (Special) to libshutdown2.o(.ARM.Collect$$libshutdown$$00000010) for __rt_lib_shutdown_return
    libshutdown.o(.ARM.Collect$$libshutdown$$00000000) refers (Special) to libshutdown2.o(.ARM.Collect$$libshutdown$$0000000A) for __rt_lib_shutdown_signal_1
    libshutdown.o(.ARM.Collect$$libshutdown$$00000000) refers (Special) to libshutdown2.o(.ARM.Collect$$libshutdown$$00000004) for __rt_lib_shutdown_stdio_1
    libshutdown.o(.ARM.Collect$$libshutdown$$00000000) refers (Special) to libshutdown2.o(.ARM.Collect$$libshutdown$$0000000C) for __rt_lib_shutdown_user_alloc_1
    sys_command.o(.text) refers (Special) to use_no_semi.o(.text) for __I$use$semihosting
    sys_command.o(.text) refers (Special) to indicate_semi.o(.text) for __semihosting_library_function
    defsig_abrt_inner.o(.text) refers to defsig_general.o(.text) for __default_signal_display
    defsig_rtred_inner.o(.text) refers to defsig_general.o(.text) for __default_signal_display
    defsig_rtmem_inner.o(.text) refers to defsig_general.o(.text) for __default_signal_display
    defsig_rtmem_outer.o(.text) refers to defsig_rtmem_inner.o(.text) for __rt_SIGRTMEM_inner
    defsig_rtmem_outer.o(.text) refers to defsig_exit.o(.text) for __sig_exit
    defsig_rtmem_formal.o(.text) refers to rt_raise.o(.text) for __rt_raise
    defsig_stak_inner.o(.text) refers to defsig_general.o(.text) for __default_signal_display
    defsig_pvfn_inner.o(.text) refers to defsig_general.o(.text) for __default_signal_display
    defsig_cppl_inner.o(.text) refers to defsig_general.o(.text) for __default_signal_display
    defsig_segv_inner.o(.text) refers to defsig_general.o(.text) for __default_signal_display
    defsig_other.o(.text) refers to defsig_general.o(.text) for __default_signal_display


==============================================================================

Removing Unused input sections from the image.

    Removing main.o(.rev16_text), (4 bytes).
    Removing main.o(.revsh_text), (4 bytes).
    Removing main.o(i.vApplicationIdleHook), (2 bytes).
    Removing main.o(.data), (4 bytes).
    Removing init.o(.rev16_text), (4 bytes).
    Removing init.o(.revsh_text), (4 bytes).
    Removing init.o(i.init_clock_mcu), (104 bytes).
    Removing max7219.o(.rev16_text), (4 bytes).
    Removing max7219.o(.revsh_text), (4 bytes).
    Removing max7219.o(i.MAX7219_DisplayTestVoid), (14 bytes).
    Removing max7219.o(i.MAX7219_Power), (14 bytes).
    Removing max7219.o(i.MAX7219_SetIntensity), (16 bytes).
    Removing event_groups.o(i.uxEventGroupGetNumber), (8 bytes).
    Removing event_groups.o(i.vEventGroupClearBitsCallback), (36 bytes).
    Removing event_groups.o(i.vEventGroupDelete), (58 bytes).
    Removing event_groups.o(i.vEventGroupSetBitsCallback), (8 bytes).
    Removing event_groups.o(i.vEventGroupSetNumber), (4 bytes).
    Removing event_groups.o(i.xEventGroupClearBits), (40 bytes).
    Removing event_groups.o(i.xEventGroupCreate), (26 bytes).
    Removing event_groups.o(i.xEventGroupGetBitsFromISR), (18 bytes).
    Removing event_groups.o(i.xEventGroupSetBits), (120 bytes).
    Removing event_groups.o(i.xEventGroupSync), (160 bytes).
    Removing event_groups.o(i.xEventGroupWaitBits), (214 bytes).
    Removing heap_1.o(i.vPortInitialiseBlocks), (12 bytes).
    Removing heap_1.o(i.xPortGetFreeHeapSize), (16 bytes).
    Removing port.o(i.vPortEndScheduler), (24 bytes).
    Removing queue.o(i.pcQueueGetName), (92 bytes).
    Removing queue.o(i.ucQueueGetQueueType), (6 bytes).
    Removing queue.o(i.uxQueueGetQueueNumber), (4 bytes).
    Removing queue.o(i.uxQueueMessagesWaiting), (24 bytes).
    Removing queue.o(i.uxQueueMessagesWaitingFromISR), (12 bytes).
    Removing queue.o(i.uxQueueSpacesAvailable), (28 bytes).
    Removing queue.o(i.vQueueDelete), (56 bytes).
    Removing queue.o(i.vQueueSetQueueNumber), (4 bytes).
    Removing queue.o(i.vQueueUnregisterQueue), (40 bytes).
    Removing queue.o(i.xQueueCreateMutex), (112 bytes).
    Removing queue.o(i.xQueueGenericReset), (108 bytes).
    Removing queue.o(i.xQueueIsQueueEmptyFromISR), (22 bytes).
    Removing queue.o(i.xQueueIsQueueFullFromISR), (24 bytes).
    Removing queue.o(i.xQueuePeek), (290 bytes).
    Removing queue.o(i.xQueuePeekFromISR), (96 bytes).
    Removing queue.o(i.xQueueReceiveFromISR), (144 bytes).
    Removing stream_buffer.o(i.prvReadMessageFromBuffer), (252 bytes).
    Removing stream_buffer.o(i.prvWriteMessageToBuffer), (210 bytes).
    Removing stream_buffer.o(i.ucStreamBufferGetStreamBufferType), (8 bytes).
    Removing stream_buffer.o(i.uxStreamBufferGetStreamBufferNumber), (4 bytes).
    Removing stream_buffer.o(i.vStreamBufferDelete), (44 bytes).
    Removing stream_buffer.o(i.vStreamBufferSetStreamBufferNumber), (4 bytes).
    Removing stream_buffer.o(i.xStreamBufferBytesAvailable), (26 bytes).
    Removing stream_buffer.o(i.xStreamBufferGenericCreate), (106 bytes).
    Removing stream_buffer.o(i.xStreamBufferIsEmpty), (24 bytes).
    Removing stream_buffer.o(i.xStreamBufferIsFull), (46 bytes).
    Removing stream_buffer.o(i.xStreamBufferReceive), (204 bytes).
    Removing stream_buffer.o(i.xStreamBufferReceiveCompletedFromISR), (58 bytes).
    Removing stream_buffer.o(i.xStreamBufferReceiveFromISR), (108 bytes).
    Removing stream_buffer.o(i.xStreamBufferReset), (114 bytes).
    Removing stream_buffer.o(i.xStreamBufferSend), (236 bytes).
    Removing stream_buffer.o(i.xStreamBufferSendCompletedFromISR), (58 bytes).
    Removing stream_buffer.o(i.xStreamBufferSendFromISR), (124 bytes).
    Removing stream_buffer.o(i.xStreamBufferSetTriggerLevel), (32 bytes).
    Removing stream_buffer.o(i.xStreamBufferSpacesAvailable), (28 bytes).
    Removing tasks.o(i.eTaskGetState), (76 bytes).
    Removing tasks.o(i.pcTaskGetName), (24 bytes).
    Removing tasks.o(i.prvListTasksWithinSingleList), (276 bytes).
    Removing tasks.o(i.ulTaskNotifyTake), (96 bytes).
    Removing tasks.o(i.uxTaskGetNumberOfTasks), (12 bytes).
    Removing tasks.o(i.uxTaskGetSystemState), (132 bytes).
    Removing tasks.o(i.uxTaskGetTaskNumber), (8 bytes).
    Removing tasks.o(i.uxTaskResetEventItemValue), (24 bytes).
    Removing tasks.o(i.vTaskDelayUntil), (96 bytes).
    Removing tasks.o(i.vTaskEndScheduler), (20 bytes).
    Removing tasks.o(i.vTaskGetInfo), (204 bytes).
    Removing tasks.o(i.vTaskNotifyGiveFromISR), (144 bytes).
    Removing tasks.o(i.vTaskPlaceOnUnorderedEventList), (60 bytes).
    Removing tasks.o(i.vTaskRemoveFromUnorderedEventList), (92 bytes).
    Removing tasks.o(i.vTaskSetTaskNumber), (8 bytes).
    Removing tasks.o(i.vTaskSetTimeOutState), (36 bytes).
    Removing tasks.o(i.xTaskGenericNotify), (172 bytes).
    Removing tasks.o(i.xTaskGenericNotifyFromISR), (208 bytes).
    Removing tasks.o(i.xTaskGetCurrentTaskHandle), (12 bytes).
    Removing tasks.o(i.xTaskGetTickCountFromISR), (12 bytes).
    Removing tasks.o(i.xTaskNotifyStateClear), (48 bytes).
    Removing tasks.o(i.xTaskNotifyWait), (124 bytes).
    Removing tasks.o(i.xTaskResumeFromISR), (128 bytes).
    Removing timers.o(i.pcTimerGetName), (12 bytes).
    Removing timers.o(i.pvTimerGetTimerID), (24 bytes).
    Removing timers.o(i.uxTimerGetTimerNumber), (4 bytes).
    Removing timers.o(i.vTimerSetTimerID), (24 bytes).
    Removing timers.o(i.vTimerSetTimerNumber), (4 bytes).
    Removing timers.o(i.xTimerGetExpiryTime), (12 bytes).
    Removing timers.o(i.xTimerGetPeriod), (12 bytes).
    Removing timers.o(i.xTimerGetTimerDaemonTaskHandle), (20 bytes).
    Removing timers.o(i.xTimerIsTimerActive), (34 bytes).
    Removing system_stm32f0xx.o(.rev16_text), (4 bytes).
    Removing system_stm32f0xx.o(.revsh_text), (4 bytes).
    Removing system_stm32f0xx.o(i.SystemCoreClockUpdate), (112 bytes).
    Removing system_stm32f0xx.o(.constdata), (16 bytes).
    Removing system_stm32f0xx.o(.data), (4 bytes).

98 unused section(s) (total 5968 bytes) removed from the image.

==============================================================================

Image Symbol Table

    Local Symbols

    Symbol Name                              Value     Ov Type        Size  Object(Section)

    ../clib/angel/boardlib.s                 0x00000000   Number         0  boardshut.o ABSOLUTE
    ../clib/angel/boardlib.s                 0x00000000   Number         0  boardinit1.o ABSOLUTE
    ../clib/angel/boardlib.s                 0x00000000   Number         0  boardinit3.o ABSOLUTE
    ../clib/angel/boardlib.s                 0x00000000   Number         0  boardinit2.o ABSOLUTE
    ../clib/angel/handlers.s                 0x00000000   Number         0  __scatter_copy.o ABSOLUTE
    ../clib/angel/handlers.s                 0x00000000   Number         0  __scatter_zi.o ABSOLUTE
    ../clib/angel/kernel.s                   0x00000000   Number         0  rtexit.o ABSOLUTE
    ../clib/angel/kernel.s                   0x00000000   Number         0  __rtentry4.o ABSOLUTE
    ../clib/angel/kernel.s                   0x00000000   Number         0  rtexit2.o ABSOLUTE
    ../clib/angel/kernel.s                   0x00000000   Number         0  __rtentry2.o ABSOLUTE
    ../clib/angel/kernel.s                   0x00000000   Number         0  __rtentry.o ABSOLUTE
    ../clib/angel/rt.s                       0x00000000   Number         0  rt_raise.o ABSOLUTE
    ../clib/angel/rt.s                       0x00000000   Number         0  aeabi_idiv0_sigfpe.o ABSOLUTE
    ../clib/angel/rt.s                       0x00000000   Number         0  aeabi_idiv0.o ABSOLUTE
    ../clib/angel/rt.s                       0x00000000   Number         0  rt_div0.o ABSOLUTE
    ../clib/angel/scatterp.s                 0x00000000   Number         0  __scatter.o ABSOLUTE
    ../clib/angel/startup.s                  0x00000000   Number         0  __main.o ABSOLUTE
    ../clib/angel/sys.s                      0x00000000   Number         0  use_no_semi.o ABSOLUTE
    ../clib/angel/sys.s                      0x00000000   Number         0  indicate_semi.o ABSOLUTE
    ../clib/angel/sys.s                      0x00000000   Number         0  sys_stackheap_outer.o ABSOLUTE
    ../clib/angel/sys.s                      0x00000000   Number         0  tempstk.o ABSOLUTE
    ../clib/angel/sys.s                      0x00000000   Number         0  libspace.o ABSOLUTE
    ../clib/angel/sysapp.c                   0x00000000   Number         0  sys_wrch.o ABSOLUTE
    ../clib/angel/sysapp.c                   0x00000000   Number         0  sys_command.o ABSOLUTE
    ../clib/angel/sysapp.c                   0x00000000   Number         0  sys_exit.o ABSOLUTE
    ../clib/armsys.c                         0x00000000   Number         0  argv_veneer.o ABSOLUTE
    ../clib/armsys.c                         0x00000000   Number         0  no_argv.o ABSOLUTE
    ../clib/armsys.c                         0x00000000   Number         0  _get_argv_nomalloc.o ABSOLUTE
    ../clib/division.s                       0x00000000   Number         0  aeabi_sdivfast_div0.o ABSOLUTE
    ../clib/division.s                       0x00000000   Number         0  aeabi_sdivfast.o ABSOLUTE
    ../clib/heapalloc.c                      0x00000000   Number         0  hrguard.o ABSOLUTE
    ../clib/heapaux.c                        0x00000000   Number         0  heapauxi.o ABSOLUTE
    ../clib/libinit.s                        0x00000000   Number         0  libinit2.o ABSOLUTE
    ../clib/libinit.s                        0x00000000   Number         0  libshutdown.o ABSOLUTE
    ../clib/libinit.s                        0x00000000   Number         0  libshutdown2.o ABSOLUTE
    ../clib/libinit.s                        0x00000000   Number         0  libinit.o ABSOLUTE
    ../clib/memcpset.c                       0x00000000   Number         0  rt_memcpy.o ABSOLUTE
    ../clib/memcpset.c                       0x00000000   Number         0  memset.o ABSOLUTE
    ../clib/memcpset.c                       0x00000000   Number         0  rt_memcpy.o ABSOLUTE
    ../clib/memcpset.c                       0x00000000   Number         0  aeabi_memset.o ABSOLUTE
    ../clib/memcpset.c                       0x00000000   Number         0  rt_memclr.o ABSOLUTE
    ../clib/signal.c                         0x00000000   Number         0  defsig_rtmem_formal.o ABSOLUTE
    ../clib/signal.c                         0x00000000   Number         0  defsig_rtmem_outer.o ABSOLUTE
    ../clib/signal.c                         0x00000000   Number         0  defsig_abrt_inner.o ABSOLUTE
    ../clib/signal.c                         0x00000000   Number         0  defsig_rtmem_inner.o ABSOLUTE
    ../clib/signal.c                         0x00000000   Number         0  defsig_fpe_inner.o ABSOLUTE
    ../clib/signal.c                         0x00000000   Number         0  defsig_exit.o ABSOLUTE
    ../clib/signal.c                         0x00000000   Number         0  defsig_cppl_inner.o ABSOLUTE
    ../clib/signal.c                         0x00000000   Number         0  defsig_general.o ABSOLUTE
    ../clib/signal.c                         0x00000000   Number         0  defsig_fpe_outer.o ABSOLUTE
    ../clib/signal.c                         0x00000000   Number         0  __raise.o ABSOLUTE
    ../clib/signal.c                         0x00000000   Number         0  defsig_fpe_formal.o ABSOLUTE
    ../clib/signal.c                         0x00000000   Number         0  defsig_other.o ABSOLUTE
    ../clib/signal.c                         0x00000000   Number         0  defsig_segv_inner.o ABSOLUTE
    ../clib/signal.c                         0x00000000   Number         0  defsig_rtred_inner.o ABSOLUTE
    ../clib/signal.c                         0x00000000   Number         0  defsig_pvfn_inner.o ABSOLUTE
    ../clib/signal.c                         0x00000000   Number         0  defsig_stak_inner.o ABSOLUTE
    ../clib/signal.s                         0x00000000   Number         0  defsig.o ABSOLUTE
    ../clib/stdlib.c                         0x00000000   Number         0  exit.o ABSOLUTE
    ../fplib/cfplib/fpinit.c                 0x00000000   Number         0  fpinit.o ABSOLUTE
    Delays\delays.c                          0x00000000   Number         0  delays.o ABSOLUTE
    RTE\Device\STM32F030F4\startup_stm32f030x6.s 0x00000000   Number         0  startup_stm32f030x6.o ABSOLUTE
    RTE\Device\STM32F030F4\system_stm32f0xx.c 0x00000000   Number         0  system_stm32f0xx.o ABSOLUTE
    RTE\\Device\\STM32F030F4\\system_stm32f0xx.c 0x00000000   Number         0  system_stm32f0xx.o ABSOLUTE
    dc.s                                     0x00000000   Number         0  dc.o ABSOLUTE
    freertos\\port.c                         0x00000000   Number         0  port.o ABSOLUTE
    freertos\croutine.c                      0x00000000   Number         0  croutine.o ABSOLUTE
    freertos\event_groups.c                  0x00000000   Number         0  event_groups.o ABSOLUTE
    freertos\heap_1.c                        0x00000000   Number         0  heap_1.o ABSOLUTE
    freertos\list.c                          0x00000000   Number         0  list.o ABSOLUTE
    freertos\port.c                          0x00000000   Number         0  port.o ABSOLUTE
    freertos\queue.c                         0x00000000   Number         0  queue.o ABSOLUTE
    freertos\stream_buffer.c                 0x00000000   Number         0  stream_buffer.o ABSOLUTE
    freertos\tasks.c                         0x00000000   Number         0  tasks.o ABSOLUTE
    freertos\timers.c                        0x00000000   Number         0  timers.o ABSOLUTE
    source\MAX7219.c                         0x00000000   Number         0  max7219.o ABSOLUTE
    source\\MAX7219.c                        0x00000000   Number         0  max7219.o ABSOLUTE
    source\\init.c                           0x00000000   Number         0  init.o ABSOLUTE
    source\\main.c                           0x00000000   Number         0  main.o ABSOLUTE
    source\init.c                            0x00000000   Number         0  init.o ABSOLUTE
    source\main.c                            0x00000000   Number         0  main.o ABSOLUTE
    RESET                                    0x08000000   Section      176  startup_stm32f030x6.o(RESET)
    !!!main                                  0x080000b0   Section        8  __main.o(!!!main)
    !!!scatter                               0x080000b8   Section       60  __scatter.o(!!!scatter)
    !!handler_copy                           0x080000f4   Section       26  __scatter_copy.o(!!handler_copy)
    !!handler_zi                             0x08000110   Section       28  __scatter_zi.o(!!handler_zi)
    .ARM.Collect$$libinit$$00000000          0x0800012c   Section        2  libinit.o(.ARM.Collect$$libinit$$00000000)
    .ARM.Collect$$libinit$$00000002          0x0800012e   Section        0  libinit2.o(.ARM.Collect$$libinit$$00000002)
    .ARM.Collect$$libinit$$00000004          0x0800012e   Section        0  libinit2.o(.ARM.Collect$$libinit$$00000004)
    .ARM.Collect$$libinit$$0000000A          0x0800012e   Section        0  libinit2.o(.ARM.Collect$$libinit$$0000000A)
    .ARM.Collect$$libinit$$0000000C          0x0800012e   Section        0  libinit2.o(.ARM.Collect$$libinit$$0000000C)
    .ARM.Collect$$libinit$$0000000E          0x0800012e   Section        0  libinit2.o(.ARM.Collect$$libinit$$0000000E)
    .ARM.Collect$$libinit$$00000011          0x0800012e   Section        0  libinit2.o(.ARM.Collect$$libinit$$00000011)
    .ARM.Collect$$libinit$$00000013          0x0800012e   Section        0  libinit2.o(.ARM.Collect$$libinit$$00000013)
    .ARM.Collect$$libinit$$00000015          0x0800012e   Section        0  libinit2.o(.ARM.Collect$$libinit$$00000015)
    .ARM.Collect$$libinit$$00000017          0x0800012e   Section        0  libinit2.o(.ARM.Collect$$libinit$$00000017)
    .ARM.Collect$$libinit$$00000019          0x0800012e   Section        0  libinit2.o(.ARM.Collect$$libinit$$00000019)
    .ARM.Collect$$libinit$$0000001B          0x0800012e   Section        0  libinit2.o(.ARM.Collect$$libinit$$0000001B)
    .ARM.Collect$$libinit$$0000001D          0x0800012e   Section        0  libinit2.o(.ARM.Collect$$libinit$$0000001D)
    .ARM.Collect$$libinit$$0000001F          0x0800012e   Section        0  libinit2.o(.ARM.Collect$$libinit$$0000001F)
    .ARM.Collect$$libinit$$00000021          0x0800012e   Section        0  libinit2.o(.ARM.Collect$$libinit$$00000021)
    .ARM.Collect$$libinit$$00000023          0x0800012e   Section        0  libinit2.o(.ARM.Collect$$libinit$$00000023)
    .ARM.Collect$$libinit$$00000025          0x0800012e   Section        0  libinit2.o(.ARM.Collect$$libinit$$00000025)
    .ARM.Collect$$libinit$$0000002C          0x0800012e   Section        0  libinit2.o(.ARM.Collect$$libinit$$0000002C)
    .ARM.Collect$$libinit$$0000002E          0x0800012e   Section        0  libinit2.o(.ARM.Collect$$libinit$$0000002E)
    .ARM.Collect$$libinit$$00000030          0x0800012e   Section        0  libinit2.o(.ARM.Collect$$libinit$$00000030)
    .ARM.Collect$$libinit$$00000032          0x0800012e   Section        0  libinit2.o(.ARM.Collect$$libinit$$00000032)
    .ARM.Collect$$libinit$$00000033          0x0800012e   Section        2  libinit2.o(.ARM.Collect$$libinit$$00000033)
    .ARM.Collect$$libshutdown$$00000000      0x08000130   Section        2  libshutdown.o(.ARM.Collect$$libshutdown$$00000000)
    .ARM.Collect$$libshutdown$$00000002      0x08000132   Section        0  libshutdown2.o(.ARM.Collect$$libshutdown$$00000002)
    .ARM.Collect$$libshutdown$$00000004      0x08000132   Section        0  libshutdown2.o(.ARM.Collect$$libshutdown$$00000004)
    .ARM.Collect$$libshutdown$$00000007      0x08000132   Section        0  libshutdown2.o(.ARM.Collect$$libshutdown$$00000007)
    .ARM.Collect$$libshutdown$$0000000A      0x08000132   Section        0  libshutdown2.o(.ARM.Collect$$libshutdown$$0000000A)
    .ARM.Collect$$libshutdown$$0000000C      0x08000132   Section        0  libshutdown2.o(.ARM.Collect$$libshutdown$$0000000C)
    .ARM.Collect$$libshutdown$$0000000F      0x08000132   Section        0  libshutdown2.o(.ARM.Collect$$libshutdown$$0000000F)
    .ARM.Collect$$libshutdown$$00000010      0x08000132   Section        2  libshutdown2.o(.ARM.Collect$$libshutdown$$00000010)
    .ARM.Collect$$rtentry$$00000000          0x08000134   Section        0  __rtentry.o(.ARM.Collect$$rtentry$$00000000)
    .ARM.Collect$$rtentry$$00000002          0x08000134   Section        0  __rtentry2.o(.ARM.Collect$$rtentry$$00000002)
    .ARM.Collect$$rtentry$$00000004          0x08000134   Section        6  __rtentry4.o(.ARM.Collect$$rtentry$$00000004)
    .ARM.Collect$$rtentry$$00000009          0x0800013a   Section        0  __rtentry2.o(.ARM.Collect$$rtentry$$00000009)
    .ARM.Collect$$rtentry$$0000000A          0x0800013a   Section        4  __rtentry2.o(.ARM.Collect$$rtentry$$0000000A)
    .ARM.Collect$$rtentry$$0000000C          0x0800013e   Section        0  __rtentry2.o(.ARM.Collect$$rtentry$$0000000C)
    .ARM.Collect$$rtentry$$0000000D          0x0800013e   Section        8  __rtentry2.o(.ARM.Collect$$rtentry$$0000000D)
    .ARM.Collect$$rtexit$$00000000           0x08000146   Section        2  rtexit.o(.ARM.Collect$$rtexit$$00000000)
    .ARM.Collect$$rtexit$$00000002           0x08000148   Section        0  rtexit2.o(.ARM.Collect$$rtexit$$00000002)
    .ARM.Collect$$rtexit$$00000003           0x08000148   Section        4  rtexit2.o(.ARM.Collect$$rtexit$$00000003)
    .ARM.Collect$$rtexit$$00000004           0x0800014c   Section        6  rtexit2.o(.ARM.Collect$$rtexit$$00000004)
    .emb_text                                0x08000154   Section      120  port.o(.emb_text)
    .emb_text                                0x080001cc   Section       56  rt_memcpy.o(.emb_text)
    .text                                    0x08000204   Section       56  startup_stm32f030x6.o(.text)
    .text                                    0x0800023c   Section        0  rt_memcpy.o(.text)
    .text                                    0x080002be   Section        0  aeabi_memset.o(.text)
    .text                                    0x080002d0   Section      488  aeabi_sdivfast.o(.text)
    .text                                    0x080004b8   Section        0  heapauxi.o(.text)
    .text                                    0x080004be   Section        0  rt_memclr.o(.text)
    .text                                    0x080004fe   Section       62  sys_stackheap_outer.o(.text)
    .text                                    0x0800053c   Section        0  exit.o(.text)
    .text                                    0x0800054c   Section        8  libspace.o(.text)
    .text                                    0x08000554   Section        0  sys_exit.o(.text)
    .text                                    0x08000560   Section        2  use_no_semi.o(.text)
    .text                                    0x08000562   Section        0  indicate_semi.o(.text)
    i.EXTI0_1_IRQHandler                     0x08000564   Section        0  main.o(i.EXTI0_1_IRQHandler)
    i.MAX7219_DisplayClear                   0x080005a4   Section        0  max7219.o(i.MAX7219_DisplayClear)
    i.MAX7219_DrawDigit1                     0x080005f0   Section        0  max7219.o(i.MAX7219_DrawDigit1)
    i.MAX7219_DrawDigit2                     0x08000638   Section        0  max7219.o(i.MAX7219_DrawDigit2)
    i.MAX7219_DrawDigit3                     0x08000698   Section        0  max7219.o(i.MAX7219_DrawDigit3)
    i.MAX7219_DrawDigit4                     0x080006e0   Section        0  max7219.o(i.MAX7219_DrawDigit4)
    i.MAX7219_Indic                          0x0800071c   Section        0  max7219.o(i.MAX7219_Indic)
    i.MAX7219_Init                           0x08000858   Section        0  max7219.o(i.MAX7219_Init)
    i.MAX7219_WriteReg                       0x080008d4   Section        0  max7219.o(i.MAX7219_WriteReg)
    i.SVC_Handler                            0x08000984   Section        0  port.o(i.SVC_Handler)
    i.SysTick_Handler                        0x08000988   Section        0  port.o(i.SysTick_Handler)
    i.SystemInit                             0x080009ac   Section        0  system_stm32f0xx.o(i.SystemInit)
    i.delay_ms                               0x08000a08   Section        0  delays.o(i.delay_ms)
    i.delay_us                               0x08000a64   Section        0  delays.o(i.delay_us)
    i.init                                   0x08000abc   Section        0  init.o(i.init)
    i.init_i2c                               0x08000cf4   Section        0  init.o(i.init_i2c)
    i.main                                   0x08000d90   Section        0  main.o(i.main)
    i.prvAddCurrentTaskToDelayedList         0x08000e3c   Section        0  tasks.o(i.prvAddCurrentTaskToDelayedList)
    prvAddCurrentTaskToDelayedList           0x08000e3d   Thumb Code    78  tasks.o(i.prvAddCurrentTaskToDelayedList)
    i.prvIdleTask                            0x08000e94   Section        0  tasks.o(i.prvIdleTask)
    prvIdleTask                              0x08000e95   Thumb Code    14  tasks.o(i.prvIdleTask)
    i.prvSampleTimeNow                       0x08000ea8   Section        0  timers.o(i.prvSampleTimeNow)
    prvSampleTimeNow                         0x08000ea9   Thumb Code   176  timers.o(i.prvSampleTimeNow)
    i.prvTaskExitError                       0x08000f5c   Section        0  port.o(i.prvTaskExitError)
    prvTaskExitError                         0x08000f5d   Thumb Code    14  port.o(i.prvTaskExitError)
    i.prvTimerTask                           0x08000f70   Section        0  timers.o(i.prvTimerTask)
    prvTimerTask                             0x08000f71   Thumb Code   626  timers.o(i.prvTimerTask)
    i.prvUnlockQueue                         0x080011e8   Section        0  queue.o(i.prvUnlockQueue)
    prvUnlockQueue                           0x080011e9   Thumb Code   116  queue.o(i.prvUnlockQueue)
    i.pvPortMalloc                           0x0800125c   Section        0  heap_1.o(i.pvPortMalloc)
    i.pvTaskIncrementMutexHeldCount          0x080012b8   Section        0  tasks.o(i.pvTaskIncrementMutexHeldCount)
    i.pxPortInitialiseStack                  0x080012d0   Section        0  port.o(i.pxPortInitialiseStack)
    i.uxListRemove                           0x080012f4   Section        0  list.o(i.uxListRemove)
    i.vApplicationMallocFailedHook           0x0800131a   Section        0  main.o(i.vApplicationMallocFailedHook)
    i.vApplicationStackOverflowHook          0x0800131e   Section        0  main.o(i.vApplicationStackOverflowHook)
    i.vApplicationTickHook                   0x08001322   Section        0  main.o(i.vApplicationTickHook)
    i.vAutoReloadTimerFunction               0x08001324   Section        0  main.o(i.vAutoReloadTimerFunction)
    i.vListInitialise                        0x0800134c   Section        0  list.o(i.vListInitialise)
    i.vListInitialiseItem                    0x08001362   Section        0  list.o(i.vListInitialiseItem)
    i.vListInsert                            0x08001368   Section        0  list.o(i.vListInsert)
    i.vListInsertEnd                         0x0800139a   Section        0  list.o(i.vListInsertEnd)
    i.vPortEnterCritical                     0x080013b4   Section        0  port.o(i.vPortEnterCritical)
    i.vPortExitCritical                      0x080013cc   Section        0  port.o(i.vPortExitCritical)
    i.vPortFree                              0x080013e8   Section        0  heap_1.o(i.vPortFree)
    i.vPortYield                             0x080013f4   Section        0  port.o(i.vPortYield)
    i.vQueueAddToRegistry                    0x0800140c   Section        0  queue.o(i.vQueueAddToRegistry)
    i.vQueueWaitForMessageRestricted         0x08001434   Section        0  queue.o(i.vQueueWaitForMessageRestricted)
    i.vTaskDS3231                            0x08001478   Section        0  main.o(i.vTaskDS3231)
    i.vTaskDelay                             0x0800164c   Section        0  tasks.o(i.vTaskDelay)
    i.vTaskInternalSetTimeOutState           0x0800167c   Section        0  tasks.o(i.vTaskInternalSetTimeOutState)
    i.vTaskMain                              0x0800168c   Section        0  main.o(i.vTaskMain)
    i.vTaskMissedYield                       0x0800174c   Section        0  tasks.o(i.vTaskMissedYield)
    i.vTaskPlaceOnEventList                  0x08001758   Section        0  tasks.o(i.vTaskPlaceOnEventList)
    i.vTaskPlaceOnEventListRestricted        0x0800177c   Section        0  tasks.o(i.vTaskPlaceOnEventListRestricted)
    i.vTaskPriorityDisinheritAfterTimeout    0x080017ac   Section        0  tasks.o(i.vTaskPriorityDisinheritAfterTimeout)
    i.vTaskResume                            0x08001820   Section        0  tasks.o(i.vTaskResume)
    i.vTaskStartScheduler                    0x08001890   Section        0  tasks.o(i.vTaskStartScheduler)
    i.vTaskSuspend                           0x080018e8   Section        0  tasks.o(i.vTaskSuspend)
    i.vTaskSuspendAll                        0x08001984   Section        0  tasks.o(i.vTaskSuspendAll)
    i.vTaskSwitchContext                     0x08001994   Section        0  tasks.o(i.vTaskSwitchContext)
    i.xPortStartScheduler                    0x08001a20   Section        0  port.o(i.xPortStartScheduler)
    i.xQueueGenericCreate                    0x08001a64   Section        0  queue.o(i.xQueueGenericCreate)
    i.xQueueGenericSend                      0x08001ae6   Section        0  queue.o(i.xQueueGenericSend)
    i.xQueueGenericSendFromISR               0x08001c6a   Section        0  queue.o(i.xQueueGenericSendFromISR)
    i.xQueueGiveFromISR                      0x08001d56   Section        0  queue.o(i.xQueueGiveFromISR)
    i.xQueueReceive                          0x08001dca   Section        0  queue.o(i.xQueueReceive)
    i.xQueueSemaphoreTake                    0x08001ef0   Section        0  queue.o(i.xQueueSemaphoreTake)
    i.xTaskCheckForTimeOut                   0x08002050   Section        0  tasks.o(i.xTaskCheckForTimeOut)
    i.xTaskCreate                            0x080020b4   Section        0  tasks.o(i.xTaskCreate)
    i.xTaskGetSchedulerState                 0x0800223c   Section        0  tasks.o(i.xTaskGetSchedulerState)
    i.xTaskGetTickCount                      0x0800225c   Section        0  tasks.o(i.xTaskGetTickCount)
    i.xTaskIncrementTick                     0x08002268   Section        0  tasks.o(i.xTaskIncrementTick)
    i.xTaskPriorityDisinherit                0x0800234c   Section        0  tasks.o(i.xTaskPriorityDisinherit)
    i.xTaskPriorityInherit                   0x080023b8   Section        0  tasks.o(i.xTaskPriorityInherit)
    i.xTaskRemoveFromEventList               0x08002430   Section        0  tasks.o(i.xTaskRemoveFromEventList)
    i.xTaskResumeAll                         0x08002498   Section        0  tasks.o(i.xTaskResumeAll)
    i.xTimerCreate                           0x08002564   Section        0  timers.o(i.xTimerCreate)
    i.xTimerCreateTimerTask                  0x080025f4   Section        0  timers.o(i.xTimerCreateTimerTask)
    i.xTimerGenericCommand                   0x0800267c   Section        0  timers.o(i.xTimerGenericCommand)
    .data                                    0x20000000   Section       28  main.o(.data)
    xHigherPriorityTaskWoken                 0x20000004   Data           4  main.o(.data)
    .data                                    0x2000001c   Section       97  max7219.o(.data)
    .data                                    0x20000080   Section        8  heap_1.o(.data)
    xNextFreeByte                            0x20000080   Data           4  heap_1.o(.data)
    pucAlignedHeap                           0x20000084   Data           4  heap_1.o(.data)
    .data                                    0x20000088   Section        4  port.o(.data)
    uxCriticalNesting                        0x20000088   Data           4  port.o(.data)
    .data                                    0x2000008c   Section       56  tasks.o(.data)
    uxCurrentNumberOfTasks                   0x20000090   Data           4  tasks.o(.data)
    xTickCount                               0x20000094   Data           4  tasks.o(.data)
    uxTopReadyPriority                       0x20000098   Data           4  tasks.o(.data)
    xSchedulerRunning                        0x2000009c   Data           4  tasks.o(.data)
    uxPendedTicks                            0x200000a0   Data           4  tasks.o(.data)
    xYieldPending                            0x200000a4   Data           4  tasks.o(.data)
    xNumOfOverflows                          0x200000a8   Data           4  tasks.o(.data)
    uxTaskNumber                             0x200000ac   Data           4  tasks.o(.data)
    xNextTaskUnblockTime                     0x200000b0   Data           4  tasks.o(.data)
    xIdleTaskHandle                          0x200000b4   Data           4  tasks.o(.data)
    uxSchedulerSuspended                     0x200000b8   Data           4  tasks.o(.data)
    pxDelayedTaskList                        0x200000bc   Data           4  tasks.o(.data)
    pxOverflowDelayedTaskList                0x200000c0   Data           4  tasks.o(.data)
    .data                                    0x200000c4   Section       20  timers.o(.data)
    xTimerQueue                              0x200000c4   Data           4  timers.o(.data)
    xTimerTaskHandle                         0x200000c8   Data           4  timers.o(.data)
    xLastTime                                0x200000cc   Data           4  timers.o(.data)
    pxCurrentTimerList                       0x200000d0   Data           4  timers.o(.data)
    pxOverflowTimerList                      0x200000d4   Data           4  timers.o(.data)
    .bss                                     0x200000d8   Section     2000  heap_1.o(.bss)
    ucHeap                                   0x200000d8   Data        2000  heap_1.o(.bss)
    .bss                                     0x200008a8   Section       64  queue.o(.bss)
    .bss                                     0x200008e8   Section      140  tasks.o(.bss)
    pxReadyTasksLists                        0x200008e8   Data          60  tasks.o(.bss)
    xDelayedTaskList1                        0x20000924   Data          20  tasks.o(.bss)
    xDelayedTaskList2                        0x20000938   Data          20  tasks.o(.bss)
    xPendingReadyList                        0x2000094c   Data          20  tasks.o(.bss)
    xSuspendedTaskList                       0x20000960   Data          20  tasks.o(.bss)
    .bss                                     0x20000974   Section       40  timers.o(.bss)
    xActiveTimerList1                        0x20000974   Data          20  timers.o(.bss)
    xActiveTimerList2                        0x20000988   Data          20  timers.o(.bss)
    .bss                                     0x2000099c   Section       96  libspace.o(.bss)
    HEAP                                     0x20000a00   Section      512  startup_stm32f030x6.o(HEAP)
    Heap_Mem                                 0x20000a00   Data         512  startup_stm32f030x6.o(HEAP)
    STACK                                    0x20000c00   Section     1024  startup_stm32f030x6.o(STACK)
    Stack_Mem                                0x20000c00   Data        1024  startup_stm32f030x6.o(STACK)
    __initial_sp                             0x20001000   Data           0  startup_stm32f030x6.o(STACK)

    Global Symbols

    Symbol Name                              Value     Ov Type        Size  Object(Section)

    BuildAttributes$$THM_ISAv3M$S$PE$A:L22$X:L11$S22$IEEE1$IW$USESV6$~STKCKD$USESV7$~SHL$OTIME$ROPI$EBA8$UX$STANDARDLIB$REQ8$PRES8$EABIv2 0x00000000   Number         0  anon$$obj.o ABSOLUTE
    __ARM_use_no_argv                        0x00000000   Number         0  main.o ABSOLUTE
    __ARM_exceptions_init                     - Undefined Weak Reference
    __alloca_initialize                       - Undefined Weak Reference
    __arm_preinit_                            - Undefined Weak Reference
    __cpp_initialize__aeabi_                  - Undefined Weak Reference
    __cxa_finalize                            - Undefined Weak Reference
    __rt_locale                               - Undefined Weak Reference
    __sigvec_lookup                           - Undefined Weak Reference
    _atexit_init                              - Undefined Weak Reference
    _call_atexit_fns                          - Undefined Weak Reference
    _clock_init                               - Undefined Weak Reference
    _fp_trap_init                             - Undefined Weak Reference
    _fp_trap_shutdown                         - Undefined Weak Reference
    _get_lc_collate                           - Undefined Weak Reference
    _get_lc_ctype                             - Undefined Weak Reference
    _get_lc_monetary                          - Undefined Weak Reference
    _get_lc_numeric                           - Undefined Weak Reference
    _get_lc_time                              - Undefined Weak Reference
    _getenv_init                              - Undefined Weak Reference
    _handle_redirection                       - Undefined Weak Reference
    _init_alloc                               - Undefined Weak Reference
    _init_user_alloc                          - Undefined Weak Reference
    _initio                                   - Undefined Weak Reference
    _rand_init                                - Undefined Weak Reference
    _signal_finish                            - Undefined Weak Reference
    _signal_init                              - Undefined Weak Reference
    _terminate_alloc                          - Undefined Weak Reference
    _terminate_user_alloc                     - Undefined Weak Reference
    _terminateio                              - Undefined Weak Reference
    __Vectors_Size                           0x000000b0   Number         0  startup_stm32f030x6.o ABSOLUTE
    __Vectors                                0x08000000   Data           4  startup_stm32f030x6.o(RESET)
    __Vectors_End                            0x080000b0   Data           0  startup_stm32f030x6.o(RESET)
    __main                                   0x080000b1   Thumb Code     8  __main.o(!!!main)
    __scatterload                            0x080000b9   Thumb Code     0  __scatter.o(!!!scatter)
    __scatterload_rt2                        0x080000b9   Thumb Code    52  __scatter.o(!!!scatter)
    __scatterload_rt2_thumb_only             0x080000b9   Thumb Code     0  __scatter.o(!!!scatter)
    __scatterload_null                       0x080000c9   Thumb Code     0  __scatter.o(!!!scatter)
    __scatterload_copy                       0x080000f5   Thumb Code    26  __scatter_copy.o(!!handler_copy)
    __scatterload_zeroinit                   0x08000111   Thumb Code    28  __scatter_zi.o(!!handler_zi)
    __rt_lib_init                            0x0800012d   Thumb Code     0  libinit.o(.ARM.Collect$$libinit$$00000000)
    __rt_lib_init_alloca_1                   0x0800012f   Thumb Code     0  libinit2.o(.ARM.Collect$$libinit$$0000002E)
    __rt_lib_init_argv_1                     0x0800012f   Thumb Code     0  libinit2.o(.ARM.Collect$$libinit$$0000002C)
    __rt_lib_init_atexit_1                   0x0800012f   Thumb Code     0  libinit2.o(.ARM.Collect$$libinit$$0000001B)
    __rt_lib_init_clock_1                    0x0800012f   Thumb Code     0  libinit2.o(.ARM.Collect$$libinit$$00000021)
    __rt_lib_init_cpp_1                      0x0800012f   Thumb Code     0  libinit2.o(.ARM.Collect$$libinit$$00000032)
    __rt_lib_init_exceptions_1               0x0800012f   Thumb Code     0  libinit2.o(.ARM.Collect$$libinit$$00000030)
    __rt_lib_init_fp_1                       0x0800012f   Thumb Code     0  libinit2.o(.ARM.Collect$$libinit$$00000002)
    __rt_lib_init_fp_trap_1                  0x0800012f   Thumb Code     0  libinit2.o(.ARM.Collect$$libinit$$0000001F)
    __rt_lib_init_getenv_1                   0x0800012f   Thumb Code     0  libinit2.o(.ARM.Collect$$libinit$$00000023)
    __rt_lib_init_heap_1                     0x0800012f   Thumb Code     0  libinit2.o(.ARM.Collect$$libinit$$0000000A)
    __rt_lib_init_lc_collate_1               0x0800012f   Thumb Code     0  libinit2.o(.ARM.Collect$$libinit$$00000011)
    __rt_lib_init_lc_ctype_1                 0x0800012f   Thumb Code     0  libinit2.o(.ARM.Collect$$libinit$$00000013)
    __rt_lib_init_lc_monetary_1              0x0800012f   Thumb Code     0  libinit2.o(.ARM.Collect$$libinit$$00000015)
    __rt_lib_init_lc_numeric_1               0x0800012f   Thumb Code     0  libinit2.o(.ARM.Collect$$libinit$$00000017)
    __rt_lib_init_lc_time_1                  0x0800012f   Thumb Code     0  libinit2.o(.ARM.Collect$$libinit$$00000019)
    __rt_lib_init_preinit_1                  0x0800012f   Thumb Code     0  libinit2.o(.ARM.Collect$$libinit$$00000004)
    __rt_lib_init_rand_1                     0x0800012f   Thumb Code     0  libinit2.o(.ARM.Collect$$libinit$$0000000E)
    __rt_lib_init_return                     0x0800012f   Thumb Code     0  libinit2.o(.ARM.Collect$$libinit$$00000033)
    __rt_lib_init_signal_1                   0x0800012f   Thumb Code     0  libinit2.o(.ARM.Collect$$libinit$$0000001D)
    __rt_lib_init_stdio_1                    0x0800012f   Thumb Code     0  libinit2.o(.ARM.Collect$$libinit$$00000025)
    __rt_lib_init_user_alloc_1               0x0800012f   Thumb Code     0  libinit2.o(.ARM.Collect$$libinit$$0000000C)
    __rt_lib_shutdown                        0x08000131   Thumb Code     0  libshutdown.o(.ARM.Collect$$libshutdown$$00000000)
    __rt_lib_shutdown_cpp_1                  0x08000133   Thumb Code     0  libshutdown2.o(.ARM.Collect$$libshutdown$$00000002)
    __rt_lib_shutdown_fp_trap_1              0x08000133   Thumb Code     0  libshutdown2.o(.ARM.Collect$$libshutdown$$00000007)
    __rt_lib_shutdown_heap_1                 0x08000133   Thumb Code     0  libshutdown2.o(.ARM.Collect$$libshutdown$$0000000F)
    __rt_lib_shutdown_return                 0x08000133   Thumb Code     0  libshutdown2.o(.ARM.Collect$$libshutdown$$00000010)
    __rt_lib_shutdown_signal_1               0x08000133   Thumb Code     0  libshutdown2.o(.ARM.Collect$$libshutdown$$0000000A)
    __rt_lib_shutdown_stdio_1                0x08000133   Thumb Code     0  libshutdown2.o(.ARM.Collect$$libshutdown$$00000004)
    __rt_lib_shutdown_user_alloc_1           0x08000133   Thumb Code     0  libshutdown2.o(.ARM.Collect$$libshutdown$$0000000C)
    __rt_entry                               0x08000135   Thumb Code     0  __rtentry.o(.ARM.Collect$$rtentry$$00000000)
    __rt_entry_presh_1                       0x08000135   Thumb Code     0  __rtentry2.o(.ARM.Collect$$rtentry$$00000002)
    __rt_entry_sh                            0x08000135   Thumb Code     0  __rtentry4.o(.ARM.Collect$$rtentry$$00000004)
    __rt_entry_li                            0x0800013b   Thumb Code     0  __rtentry2.o(.ARM.Collect$$rtentry$$0000000A)
    __rt_entry_postsh_1                      0x0800013b   Thumb Code     0  __rtentry2.o(.ARM.Collect$$rtentry$$00000009)
    __rt_entry_main                          0x0800013f   Thumb Code     0  __rtentry2.o(.ARM.Collect$$rtentry$$0000000D)
    __rt_entry_postli_1                      0x0800013f   Thumb Code     0  __rtentry2.o(.ARM.Collect$$rtentry$$0000000C)
    __rt_exit                                0x08000147   Thumb Code     0  rtexit.o(.ARM.Collect$$rtexit$$00000000)
    __rt_exit_ls                             0x08000149   Thumb Code     0  rtexit2.o(.ARM.Collect$$rtexit$$00000003)
    __rt_exit_prels_1                        0x08000149   Thumb Code     0  rtexit2.o(.ARM.Collect$$rtexit$$00000002)
    __rt_exit_exit                           0x0800014d   Thumb Code     0  rtexit2.o(.ARM.Collect$$rtexit$$00000004)
    __asm___6_port_c_39a90d8d__prvPortStartFirstTask 0x08000155   Thumb Code    36  port.o(.emb_text)
    ulSetInterruptMaskFromISR                0x0800017d   Thumb Code     8  port.o(.emb_text)
    vClearInterruptMaskFromISR               0x08000185   Thumb Code     6  port.o(.emb_text)
    PendSV_Handler                           0x0800018b   Thumb Code    62  port.o(.emb_text)
    __aeabi_memcpy4                          0x080001cd   Thumb Code    56  rt_memcpy.o(.emb_text)
    __aeabi_memcpy8                          0x080001cd   Thumb Code     0  rt_memcpy.o(.emb_text)
    Reset_Handler                            0x08000205   Thumb Code     8  startup_stm32f030x6.o(.text)
    NMI_Handler                              0x0800020d   Thumb Code     2  startup_stm32f030x6.o(.text)
    HardFault_Handler                        0x0800020f   Thumb Code     2  startup_stm32f030x6.o(.text)
    ADC1_IRQHandler                          0x08000217   Thumb Code     0  startup_stm32f030x6.o(.text)
    DMA1_Channel1_IRQHandler                 0x08000217   Thumb Code     0  startup_stm32f030x6.o(.text)
    DMA1_Channel2_3_IRQHandler               0x08000217   Thumb Code     0  startup_stm32f030x6.o(.text)
    DMA1_Channel4_5_IRQHandler               0x08000217   Thumb Code     0  startup_stm32f030x6.o(.text)
    EXTI2_3_IRQHandler                       0x08000217   Thumb Code     0  startup_stm32f030x6.o(.text)
    EXTI4_15_IRQHandler                      0x08000217   Thumb Code     0  startup_stm32f030x6.o(.text)
    FLASH_IRQHandler                         0x08000217   Thumb Code     0  startup_stm32f030x6.o(.text)
    I2C1_IRQHandler                          0x08000217   Thumb Code     0  startup_stm32f030x6.o(.text)
    RCC_IRQHandler                           0x08000217   Thumb Code     0  startup_stm32f030x6.o(.text)
    RTC_IRQHandler                           0x08000217   Thumb Code     0  startup_stm32f030x6.o(.text)
    SPI1_IRQHandler                          0x08000217   Thumb Code     0  startup_stm32f030x6.o(.text)
    TIM14_IRQHandler                         0x08000217   Thumb Code     0  startup_stm32f030x6.o(.text)
    TIM16_IRQHandler                         0x08000217   Thumb Code     0  startup_stm32f030x6.o(.text)
    TIM17_IRQHandler                         0x08000217   Thumb Code     0  startup_stm32f030x6.o(.text)
    TIM1_BRK_UP_TRG_COM_IRQHandler           0x08000217   Thumb Code     0  startup_stm32f030x6.o(.text)
    TIM1_CC_IRQHandler                       0x08000217   Thumb Code     0  startup_stm32f030x6.o(.text)
    TIM3_IRQHandler                          0x08000217   Thumb Code     0  startup_stm32f030x6.o(.text)
    USART1_IRQHandler                        0x08000217   Thumb Code     0  startup_stm32f030x6.o(.text)
    WWDG_IRQHandler                          0x08000217   Thumb Code     0  startup_stm32f030x6.o(.text)
    __user_initial_stackheap                 0x08000219   Thumb Code     0  startup_stm32f030x6.o(.text)
    __aeabi_memcpy                           0x0800023d   Thumb Code   130  rt_memcpy.o(.text)
    __rt_memcpy                              0x0800023d   Thumb Code     0  rt_memcpy.o(.text)
    __aeabi_memset                           0x080002bf   Thumb Code    18  aeabi_memset.o(.text)
    __aeabi_uidiv                            0x080002d1   Thumb Code     0  aeabi_sdivfast.o(.text)
    __aeabi_uidivmod                         0x080002d1   Thumb Code    28  aeabi_sdivfast.o(.text)
    __aeabi_idiv                             0x080002ed   Thumb Code     0  aeabi_sdivfast.o(.text)
    __aeabi_idivmod                          0x080002ed   Thumb Code   460  aeabi_sdivfast.o(.text)
    __use_two_region_memory                  0x080004b9   Thumb Code     2  heapauxi.o(.text)
    __rt_heap_escrow$2region                 0x080004bb   Thumb Code     2  heapauxi.o(.text)
    __rt_heap_expand$2region                 0x080004bd   Thumb Code     2  heapauxi.o(.text)
    _memset_w                                0x080004bf   Thumb Code    26  rt_memclr.o(.text)
    _memset                                  0x080004d9   Thumb Code    30  rt_memclr.o(.text)
    __aeabi_memclr                           0x080004f7   Thumb Code     4  rt_memclr.o(.text)
    __rt_memclr                              0x080004f7   Thumb Code     0  rt_memclr.o(.text)
    __aeabi_memclr4                          0x080004fb   Thumb Code     0  rt_memclr.o(.text)
    __aeabi_memclr8                          0x080004fb   Thumb Code     0  rt_memclr.o(.text)
    __rt_memclr_w                            0x080004fb   Thumb Code     4  rt_memclr.o(.text)
    __user_setup_stackheap                   0x080004ff   Thumb Code    62  sys_stackheap_outer.o(.text)
    exit                                     0x0800053d   Thumb Code    16  exit.o(.text)
    __user_libspace                          0x0800054d   Thumb Code     8  libspace.o(.text)
    __user_perproc_libspace                  0x0800054d   Thumb Code     0  libspace.o(.text)
    __user_perthread_libspace                0x0800054d   Thumb Code     0  libspace.o(.text)
    _sys_exit                                0x08000555   Thumb Code     8  sys_exit.o(.text)
    __I$use$semihosting                      0x08000561   Thumb Code     0  use_no_semi.o(.text)
    __use_no_semihosting_swi                 0x08000561   Thumb Code     2  use_no_semi.o(.text)
    __semihosting_library_function           0x08000563   Thumb Code     0  indicate_semi.o(.text)
    EXTI0_1_IRQHandler                       0x08000565   Thumb Code    48  main.o(i.EXTI0_1_IRQHandler)
    MAX7219_DisplayClear                     0x080005a5   Thumb Code    74  max7219.o(i.MAX7219_DisplayClear)
    MAX7219_DrawDigit1                       0x080005f1   Thumb Code    66  max7219.o(i.MAX7219_DrawDigit1)
    MAX7219_DrawDigit2                       0x08000639   Thumb Code    92  max7219.o(i.MAX7219_DrawDigit2)
    MAX7219_DrawDigit3                       0x08000699   Thumb Code    66  max7219.o(i.MAX7219_DrawDigit3)
    MAX7219_DrawDigit4                       0x080006e1   Thumb Code    56  max7219.o(i.MAX7219_DrawDigit4)
    MAX7219_Indic                            0x0800071d   Thumb Code   308  max7219.o(i.MAX7219_Indic)
    MAX7219_Init                             0x08000859   Thumb Code   124  max7219.o(i.MAX7219_Init)
    MAX7219_WriteReg                         0x080008d5   Thumb Code   172  max7219.o(i.MAX7219_WriteReg)
    SVC_Handler                              0x08000985   Thumb Code     2  port.o(i.SVC_Handler)
    SysTick_Handler                          0x08000989   Thumb Code    32  port.o(i.SysTick_Handler)
    SystemInit                               0x080009ad   Thumb Code    78  system_stm32f0xx.o(i.SystemInit)
    delay_ms                                 0x08000a09   Thumb Code    82  delays.o(i.delay_ms)
    delay_us                                 0x08000a65   Thumb Code    82  delays.o(i.delay_us)
    init                                     0x08000abd   Thumb Code   530  init.o(i.init)
    init_i2c                                 0x08000cf5   Thumb Code   138  init.o(i.init_i2c)
    main                                     0x08000d91   Thumb Code   116  main.o(i.main)
    pvPortMalloc                             0x0800125d   Thumb Code    84  heap_1.o(i.pvPortMalloc)
    pvTaskIncrementMutexHeldCount            0x080012b9   Thumb Code    20  tasks.o(i.pvTaskIncrementMutexHeldCount)
    pxPortInitialiseStack                    0x080012d1   Thumb Code    30  port.o(i.pxPortInitialiseStack)
    uxListRemove                             0x080012f5   Thumb Code    38  list.o(i.uxListRemove)
    vApplicationMallocFailedHook             0x0800131b   Thumb Code     4  main.o(i.vApplicationMallocFailedHook)
    vApplicationStackOverflowHook            0x0800131f   Thumb Code     4  main.o(i.vApplicationStackOverflowHook)
    vApplicationTickHook                     0x08001323   Thumb Code     2  main.o(i.vApplicationTickHook)
    vAutoReloadTimerFunction                 0x08001325   Thumb Code    36  main.o(i.vAutoReloadTimerFunction)
    vListInitialise                          0x0800134d   Thumb Code    22  list.o(i.vListInitialise)
    vListInitialiseItem                      0x08001363   Thumb Code     6  list.o(i.vListInitialiseItem)
    vListInsert                              0x08001369   Thumb Code    50  list.o(i.vListInsert)
    vListInsertEnd                           0x0800139b   Thumb Code    24  list.o(i.vListInsertEnd)
    vPortEnterCritical                       0x080013b5   Thumb Code    20  port.o(i.vPortEnterCritical)
    vPortExitCritical                        0x080013cd   Thumb Code    22  port.o(i.vPortExitCritical)
    vPortFree                                0x080013e9   Thumb Code    10  heap_1.o(i.vPortFree)
    vPortYield                               0x080013f5   Thumb Code    18  port.o(i.vPortYield)
    vQueueAddToRegistry                      0x0800140d   Thumb Code    36  queue.o(i.vQueueAddToRegistry)
    vQueueWaitForMessageRestricted           0x08001435   Thumb Code    68  queue.o(i.vQueueWaitForMessageRestricted)
    vTaskDS3231                              0x08001479   Thumb Code   436  main.o(i.vTaskDS3231)
    vTaskDelay                               0x0800164d   Thumb Code    44  tasks.o(i.vTaskDelay)
    vTaskInternalSetTimeOutState             0x0800167d   Thumb Code    12  tasks.o(i.vTaskInternalSetTimeOutState)
    vTaskMain                                0x0800168d   Thumb Code   172  main.o(i.vTaskMain)
    vTaskMissedYield                         0x0800174d   Thumb Code     8  tasks.o(i.vTaskMissedYield)
    vTaskPlaceOnEventList                    0x08001759   Thumb Code    32  tasks.o(i.vTaskPlaceOnEventList)
    vTaskPlaceOnEventListRestricted          0x0800177d   Thumb Code    42  tasks.o(i.vTaskPlaceOnEventListRestricted)
    vTaskPriorityDisinheritAfterTimeout      0x080017ad   Thumb Code   106  tasks.o(i.vTaskPriorityDisinheritAfterTimeout)
    vTaskResume                              0x08001821   Thumb Code    96  tasks.o(i.vTaskResume)
    vTaskStartScheduler                      0x08001891   Thumb Code    68  tasks.o(i.vTaskStartScheduler)
    vTaskSuspend                             0x080018e9   Thumb Code   148  tasks.o(i.vTaskSuspend)
    vTaskSuspendAll                          0x08001985   Thumb Code    10  tasks.o(i.vTaskSuspendAll)
    vTaskSwitchContext                       0x08001995   Thumb Code   126  tasks.o(i.vTaskSwitchContext)
    xPortStartScheduler                      0x08001a21   Thumb Code    50  port.o(i.xPortStartScheduler)
    xQueueGenericCreate                      0x08001a65   Thumb Code   130  queue.o(i.xQueueGenericCreate)
    xQueueGenericSend                        0x08001ae7   Thumb Code   388  queue.o(i.xQueueGenericSend)
    xQueueGenericSendFromISR                 0x08001c6b   Thumb Code   236  queue.o(i.xQueueGenericSendFromISR)
    xQueueGiveFromISR                        0x08001d57   Thumb Code   116  queue.o(i.xQueueGiveFromISR)
    xQueueReceive                            0x08001dcb   Thumb Code   294  queue.o(i.xQueueReceive)
    xQueueSemaphoreTake                      0x08001ef1   Thumb Code   350  queue.o(i.xQueueSemaphoreTake)
    xTaskCheckForTimeOut                     0x08002051   Thumb Code    94  tasks.o(i.xTaskCheckForTimeOut)
    xTaskCreate                              0x080020b5   Thumb Code   366  tasks.o(i.xTaskCreate)
    xTaskGetSchedulerState                   0x0800223d   Thumb Code    26  tasks.o(i.xTaskGetSchedulerState)
    xTaskGetTickCount                        0x0800225d   Thumb Code     6  tasks.o(i.xTaskGetTickCount)
    xTaskIncrementTick                       0x08002269   Thumb Code   218  tasks.o(i.xTaskIncrementTick)
    xTaskPriorityDisinherit                  0x0800234d   Thumb Code    98  tasks.o(i.xTaskPriorityDisinherit)
    xTaskPriorityInherit                     0x080023b9   Thumb Code   112  tasks.o(i.xTaskPriorityInherit)
    xTaskRemoveFromEventList                 0x08002431   Thumb Code    90  tasks.o(i.xTaskRemoveFromEventList)
    xTaskResumeAll                           0x08002499   Thumb Code   192  tasks.o(i.xTaskResumeAll)
    xTimerCreate                             0x08002565   Thumb Code   126  timers.o(i.xTimerCreate)
    xTimerCreateTimerTask                    0x080025f5   Thumb Code   100  timers.o(i.xTimerCreateTimerTask)
    xTimerGenericCommand                     0x0800267d   Thumb Code    94  timers.o(i.xTimerGenericCommand)
    Region$$Table$$Base                      0x080026e0   Number         0  anon$$obj.o(Region$$Table)
    Region$$Table$$Limit                     0x08002700   Number         0  anon$$obj.o(Region$$Table)
    tochka                                   0x20000000   Data           1  main.o(.data)
    temp_tochka                              0x20000001   Data           1  main.o(.data)
    xTask_main_Handle                        0x20000008   Data           4  main.o(.data)
    xTask_setup_ds3231                       0x2000000c   Data           4  main.o(.data)
    xSemaforSetup                            0x20000010   Data           4  main.o(.data)
    xTimer                                   0x20000014   Data           4  main.o(.data)
    mas_max7219                              0x20000018   Data           4  main.o(.data)
    temp_zero_0                              0x2000001c   Data           1  max7219.o(.data)
    font_max7219                             0x2000001d   Data          96  max7219.o(.data)
    pxCurrentTCB                             0x2000008c   Data           4  tasks.o(.data)
    xQueueRegistry                           0x200008a8   Data          64  queue.o(.bss)
    __libspace_start                         0x2000099c   Data          96  libspace.o(.bss)
    __temporary_stack_top$libspace           0x200009fc   Data           0  libspace.o(.bss)



==============================================================================

Memory Map of the image

  Image Entry point : 0x080000b1

  Load Region LR_IROM1 (Base: 0x08000000, Size: 0x000027d8, Max: 0x00004000, ABSOLUTE)

    Execution Region ER_IROM1 (Base: 0x08000000, Size: 0x00002700, Max: 0x00004000, ABSOLUTE)

    Base Addr    Size         Type   Attr      Idx    E Section Name        Object

    0x08000000   0x000000b0   Data   RO         1182    RESET               startup_stm32f030x6.o
    0x080000b0   0x00000008   Code   RO         1236  * !!!main             c_p.l(__main.o)
    0x080000b8   0x0000003c   Code   RO         1407    !!!scatter          c_p.l(__scatter.o)
    0x080000f4   0x0000001a   Code   RO         1409    !!handler_copy      c_p.l(__scatter_copy.o)
    0x0800010e   0x00000002   PAD
    0x08000110   0x0000001c   Code   RO         1411    !!handler_zi        c_p.l(__scatter_zi.o)
    0x0800012c   0x00000002   Code   RO         1276    .ARM.Collect$$libinit$$00000000  c_p.l(libinit.o)
    0x0800012e   0x00000000   Code   RO         1290    .ARM.Collect$$libinit$$00000002  c_p.l(libinit2.o)
    0x0800012e   0x00000000   Code   RO         1292    .ARM.Collect$$libinit$$00000004  c_p.l(libinit2.o)
    0x0800012e   0x00000000   Code   RO         1295    .ARM.Collect$$libinit$$0000000A  c_p.l(libinit2.o)
    0x0800012e   0x00000000   Code   RO         1297    .ARM.Collect$$libinit$$0000000C  c_p.l(libinit2.o)
    0x0800012e   0x00000000   Code   RO         1299    .ARM.Collect$$libinit$$0000000E  c_p.l(libinit2.o)
    0x0800012e   0x00000000   Code   RO         1302    .ARM.Collect$$libinit$$00000011  c_p.l(libinit2.o)
    0x0800012e   0x00000000   Code   RO         1304    .ARM.Collect$$libinit$$00000013  c_p.l(libinit2.o)
    0x0800012e   0x00000000   Code   RO         1306    .ARM.Collect$$libinit$$00000015  c_p.l(libinit2.o)
    0x0800012e   0x00000000   Code   RO         1308    .ARM.Collect$$libinit$$00000017  c_p.l(libinit2.o)
    0x0800012e   0x00000000   Code   RO         1310    .ARM.Collect$$libinit$$00000019  c_p.l(libinit2.o)
    0x0800012e   0x00000000   Code   RO         1312    .ARM.Collect$$libinit$$0000001B  c_p.l(libinit2.o)
    0x0800012e   0x00000000   Code   RO         1314    .ARM.Collect$$libinit$$0000001D  c_p.l(libinit2.o)
    0x0800012e   0x00000000   Code   RO         1316    .ARM.Collect$$libinit$$0000001F  c_p.l(libinit2.o)
    0x0800012e   0x00000000   Code   RO         1318    .ARM.Collect$$libinit$$00000021  c_p.l(libinit2.o)
    0x0800012e   0x00000000   Code   RO         1320    .ARM.Collect$$libinit$$00000023  c_p.l(libinit2.o)
    0x0800012e   0x00000000   Code   RO         1322    .ARM.Collect$$libinit$$00000025  c_p.l(libinit2.o)
    0x0800012e   0x00000000   Code   RO         1326    .ARM.Collect$$libinit$$0000002C  c_p.l(libinit2.o)
    0x0800012e   0x00000000   Code   RO         1328    .ARM.Collect$$libinit$$0000002E  c_p.l(libinit2.o)
    0x0800012e   0x00000000   Code   RO         1330    .ARM.Collect$$libinit$$00000030  c_p.l(libinit2.o)
    0x0800012e   0x00000000   Code   RO         1332    .ARM.Collect$$libinit$$00000032  c_p.l(libinit2.o)
    0x0800012e   0x00000002   Code   RO         1333    .ARM.Collect$$libinit$$00000033  c_p.l(libinit2.o)
    0x08000130   0x00000002   Code   RO         1364    .ARM.Collect$$libshutdown$$00000000  c_p.l(libshutdown.o)
    0x08000132   0x00000000   Code   RO         1390    .ARM.Collect$$libshutdown$$00000002  c_p.l(libshutdown2.o)
    0x08000132   0x00000000   Code   RO         1392    .ARM.Collect$$libshutdown$$00000004  c_p.l(libshutdown2.o)
    0x08000132   0x00000000   Code   RO         1395    .ARM.Collect$$libshutdown$$00000007  c_p.l(libshutdown2.o)
    0x08000132   0x00000000   Code   RO         1398    .ARM.Collect$$libshutdown$$0000000A  c_p.l(libshutdown2.o)
    0x08000132   0x00000000   Code   RO         1400    .ARM.Collect$$libshutdown$$0000000C  c_p.l(libshutdown2.o)
    0x08000132   0x00000000   Code   RO         1403    .ARM.Collect$$libshutdown$$0000000F  c_p.l(libshutdown2.o)
    0x08000132   0x00000002   Code   RO         1404    .ARM.Collect$$libshutdown$$00000010  c_p.l(libshutdown2.o)
    0x08000134   0x00000000   Code   RO         1238    .ARM.Collect$$rtentry$$00000000  c_p.l(__rtentry.o)
    0x08000134   0x00000000   Code   RO         1246    .ARM.Collect$$rtentry$$00000002  c_p.l(__rtentry2.o)
    0x08000134   0x00000006   Code   RO         1258    .ARM.Collect$$rtentry$$00000004  c_p.l(__rtentry4.o)
    0x0800013a   0x00000000   Code   RO         1248    .ARM.Collect$$rtentry$$00000009  c_p.l(__rtentry2.o)
    0x0800013a   0x00000004   Code   RO         1249    .ARM.Collect$$rtentry$$0000000A  c_p.l(__rtentry2.o)
    0x0800013e   0x00000000   Code   RO         1251    .ARM.Collect$$rtentry$$0000000C  c_p.l(__rtentry2.o)
    0x0800013e   0x00000008   Code   RO         1252    .ARM.Collect$$rtentry$$0000000D  c_p.l(__rtentry2.o)
    0x08000146   0x00000002   Code   RO         1281    .ARM.Collect$$rtexit$$00000000  c_p.l(rtexit.o)
    0x08000148   0x00000000   Code   RO         1337    .ARM.Collect$$rtexit$$00000002  c_p.l(rtexit2.o)
    0x08000148   0x00000004   Code   RO         1338    .ARM.Collect$$rtexit$$00000003  c_p.l(rtexit2.o)
    0x0800014c   0x00000006   Code   RO         1339    .ARM.Collect$$rtexit$$00000004  c_p.l(rtexit2.o)
    0x08000152   0x00000002   PAD
    0x08000154   0x00000078   Code   RO          462    .emb_text           port.o
    0x080001cc   0x00000038   Code   RO         1222    .emb_text           c_p.l(rt_memcpy.o)
    0x08000204   0x00000038   Code   RO         1183    .text               startup_stm32f030x6.o
    0x0800023c   0x00000082   Code   RO         1223    .text               c_p.l(rt_memcpy.o)
    0x080002be   0x00000012   Code   RO         1228    .text               c_p.l(aeabi_memset.o)
    0x080002d0   0x000001e8   Code   RO         1230    .text               c_p.l(aeabi_sdivfast.o)
    0x080004b8   0x00000006   Code   RO         1234    .text               c_p.l(heapauxi.o)
    0x080004be   0x00000040   Code   RO         1243    .text               c_p.l(rt_memclr.o)
    0x080004fe   0x0000003e   Code   RO         1262    .text               c_p.l(sys_stackheap_outer.o)
    0x0800053c   0x00000010   Code   RO         1265    .text               c_p.l(exit.o)
    0x0800054c   0x00000008   Code   RO         1277    .text               c_p.l(libspace.o)
    0x08000554   0x0000000c   Code   RO         1334    .text               c_p.l(sys_exit.o)
    0x08000560   0x00000002   Code   RO         1353    .text               c_p.l(use_no_semi.o)
    0x08000562   0x00000000   Code   RO         1355    .text               c_p.l(indicate_semi.o)
    0x08000562   0x00000002   PAD
    0x08000564   0x00000040   Code   RO            3    i.EXTI0_1_IRQHandler  main.o
    0x080005a4   0x0000004a   Code   RO          210    i.MAX7219_DisplayClear  max7219.o
    0x080005ee   0x00000002   PAD
    0x080005f0   0x00000048   Code   RO          212    i.MAX7219_DrawDigit1  max7219.o
    0x08000638   0x00000060   Code   RO          213    i.MAX7219_DrawDigit2  max7219.o
    0x08000698   0x00000048   Code   RO          214    i.MAX7219_DrawDigit3  max7219.o
    0x080006e0   0x0000003c   Code   RO          215    i.MAX7219_DrawDigit4  max7219.o
    0x0800071c   0x0000013c   Code   RO          216    i.MAX7219_Indic     max7219.o
    0x08000858   0x0000007c   Code   RO          217    i.MAX7219_Init      max7219.o
    0x080008d4   0x000000b0   Code   RO          220    i.MAX7219_WriteReg  max7219.o
    0x08000984   0x00000002   Code   RO          463    i.SVC_Handler       port.o
    0x08000986   0x00000002   PAD
    0x08000988   0x00000024   Code   RO          464    i.SysTick_Handler   port.o
    0x080009ac   0x0000005c   Code   RO         1190    i.SystemInit        system_stm32f0xx.o
    0x08000a08   0x0000005c   Code   RO          187    i.delay_ms          delays.o
    0x08000a64   0x00000058   Code   RO          188    i.delay_us          delays.o
    0x08000abc   0x00000238   Code   RO          155    i.init              init.o
    0x08000cf4   0x0000009c   Code   RO          157    i.init_i2c          init.o
    0x08000d90   0x000000ac   Code   RO            4    i.main              main.o
    0x08000e3c   0x00000058   Code   RO          809    i.prvAddCurrentTaskToDelayedList  tasks.o
    0x08000e94   0x00000014   Code   RO          810    i.prvIdleTask       tasks.o
    0x08000ea8   0x000000b4   Code   RO         1090    i.prvSampleTimeNow  timers.o
    0x08000f5c   0x00000014   Code   RO          465    i.prvTaskExitError  port.o
    0x08000f70   0x00000278   Code   RO         1091    i.prvTimerTask      timers.o
    0x080011e8   0x00000074   Code   RO          528    i.prvUnlockQueue    queue.o
    0x0800125c   0x0000005c   Code   RO          393    i.pvPortMalloc      heap_1.o
    0x080012b8   0x00000018   Code   RO          812    i.pvTaskIncrementMutexHeldCount  tasks.o
    0x080012d0   0x00000024   Code   RO          466    i.pxPortInitialiseStack  port.o
    0x080012f4   0x00000026   Code   RO          426    i.uxListRemove      list.o
    0x0800131a   0x00000004   Code   RO            6    i.vApplicationMallocFailedHook  main.o
    0x0800131e   0x00000004   Code   RO            7    i.vApplicationStackOverflowHook  main.o
    0x08001322   0x00000002   Code   RO            8    i.vApplicationTickHook  main.o
    0x08001324   0x00000028   Code   RO            9    i.vAutoReloadTimerFunction  main.o
    0x0800134c   0x00000016   Code   RO          427    i.vListInitialise   list.o
    0x08001362   0x00000006   Code   RO          428    i.vListInitialiseItem  list.o
    0x08001368   0x00000032   Code   RO          429    i.vListInsert       list.o
    0x0800139a   0x00000018   Code   RO          430    i.vListInsertEnd    list.o
    0x080013b2   0x00000002   PAD
    0x080013b4   0x00000018   Code   RO          468    i.vPortEnterCritical  port.o
    0x080013cc   0x0000001c   Code   RO          469    i.vPortExitCritical  port.o
    0x080013e8   0x0000000a   Code   RO          394    i.vPortFree         heap_1.o
    0x080013f2   0x00000002   PAD
    0x080013f4   0x00000018   Code   RO          470    i.vPortYield        port.o
    0x0800140c   0x00000028   Code   RO          534    i.vQueueAddToRegistry  queue.o
    0x08001434   0x00000044   Code   RO          538    i.vQueueWaitForMessageRestricted  queue.o
    0x08001478   0x000001d4   Code   RO           10    i.vTaskDS3231       main.o
    0x0800164c   0x00000030   Code   RO          818    i.vTaskDelay        tasks.o
    0x0800167c   0x00000010   Code   RO          822    i.vTaskInternalSetTimeOutState  tasks.o
    0x0800168c   0x000000c0   Code   RO           11    i.vTaskMain         main.o
    0x0800174c   0x0000000c   Code   RO          823    i.vTaskMissedYield  tasks.o
    0x08001758   0x00000024   Code   RO          825    i.vTaskPlaceOnEventList  tasks.o
    0x0800177c   0x00000030   Code   RO          826    i.vTaskPlaceOnEventListRestricted  tasks.o
    0x080017ac   0x00000074   Code   RO          828    i.vTaskPriorityDisinheritAfterTimeout  tasks.o
    0x08001820   0x00000070   Code   RO          830    i.vTaskResume       tasks.o
    0x08001890   0x00000058   Code   RO          833    i.vTaskStartScheduler  tasks.o
    0x080018e8   0x0000009c   Code   RO          834    i.vTaskSuspend      tasks.o
    0x08001984   0x00000010   Code   RO          835    i.vTaskSuspendAll   tasks.o
    0x08001994   0x0000008c   Code   RO          836    i.vTaskSwitchContext  tasks.o
    0x08001a20   0x00000044   Code   RO          471    i.xPortStartScheduler  port.o
    0x08001a64   0x00000082   Code   RO          540    i.xQueueGenericCreate  queue.o
    0x08001ae6   0x00000184   Code   RO          542    i.xQueueGenericSend  queue.o
    0x08001c6a   0x000000ec   Code   RO          543    i.xQueueGenericSendFromISR  queue.o
    0x08001d56   0x00000074   Code   RO          544    i.xQueueGiveFromISR  queue.o
    0x08001dca   0x00000126   Code   RO          549    i.xQueueReceive     queue.o
    0x08001ef0   0x0000015e   Code   RO          551    i.xQueueSemaphoreTake  queue.o
    0x0800204e   0x00000002   PAD
    0x08002050   0x00000064   Code   RO          837    i.xTaskCheckForTimeOut  tasks.o
    0x080020b4   0x00000188   Code   RO          838    i.xTaskCreate       tasks.o
    0x0800223c   0x00000020   Code   RO          842    i.xTaskGetSchedulerState  tasks.o
    0x0800225c   0x0000000c   Code   RO          843    i.xTaskGetTickCount  tasks.o
    0x08002268   0x000000e4   Code   RO          845    i.xTaskIncrementTick  tasks.o
    0x0800234c   0x0000006c   Code   RO          848    i.xTaskPriorityDisinherit  tasks.o
    0x080023b8   0x00000078   Code   RO          849    i.xTaskPriorityInherit  tasks.o
    0x08002430   0x00000068   Code   RO          850    i.xTaskRemoveFromEventList  tasks.o
    0x08002498   0x000000cc   Code   RO          851    i.xTaskResumeAll    tasks.o
    0x08002564   0x00000090   Code   RO         1096    i.xTimerCreate      timers.o
    0x080025f4   0x00000088   Code   RO         1097    i.xTimerCreateTimerTask  timers.o
    0x0800267c   0x00000064   Code   RO         1098    i.xTimerGenericCommand  timers.o
    0x080026e0   0x00000020   Data   RO         1405    Region$$Table       anon$$obj.o


    Execution Region RW_IRAM1 (Base: 0x20000000, Size: 0x00001000, Max: 0x00001000, ABSOLUTE)

    Base Addr    Size         Type   Attr      Idx    E Section Name        Object

    0x20000000   0x0000001c   Data   RW           12    .data               main.o
    0x2000001c   0x00000061   Data   RW          221    .data               max7219.o
    0x2000007d   0x00000003   PAD
    0x20000080   0x00000008   Data   RW          398    .data               heap_1.o
    0x20000088   0x00000004   Data   RW          472    .data               port.o
    0x2000008c   0x00000038   Data   RW          854    .data               tasks.o
    0x200000c4   0x00000014   Data   RW         1104    .data               timers.o
    0x200000d8   0x000007d0   Zero   RW          397    .bss                heap_1.o
    0x200008a8   0x00000040   Zero   RW          552    .bss                queue.o
    0x200008e8   0x0000008c   Zero   RW          853    .bss                tasks.o
    0x20000974   0x00000028   Zero   RW         1103    .bss                timers.o
    0x2000099c   0x00000060   Zero   RW         1278    .bss                c_p.l(libspace.o)
    0x200009fc   0x00000004   PAD
    0x20000a00   0x00000200   Zero   RW         1181    HEAP                startup_stm32f030x6.o
    0x20000c00   0x00000400   Zero   RW         1180    STACK               startup_stm32f030x6.o


==============================================================================

Image component sizes


      Code (inc. data)   RO Data    RW Data    ZI Data      Debug   Object Name

       180         16          0          0          0       1298   delays.o
         0          0          0          0          0       1452   event_groups.o
       102          8          0          8       2000       1763   heap_1.o
       724         56          0          0          0       8089   init.o
       140          0          0          0          0       2822   list.o
       946        128          0         28          0     126533   main.o
       990         32          0         97          0       6352   max7219.o
       358         60          0          4          0       5216   port.o
      1738          4          0          0         64      12992   queue.o
        56         26        176          0       1536        632   startup_stm32f030x6.o
        92         14          0          0          0        469   system_stm32f0xx.o
      2220        214          0         56        140      20087   tasks.o
      1192         80          0         20         40       8738   timers.o

    ----------------------------------------------------------------------
      8748        638        208        216       3780     196443   Object Totals
         0          0         32          0          0          0   (incl. Generated)
        10          0          0          3          0          0   (incl. Padding)

    ----------------------------------------------------------------------

      Code (inc. data)   RO Data    RW Data    ZI Data      Debug   Library Member Name

         8          0          0          0          0         68   __main.o
         0          0          0          0          0          0   __rtentry.o
        12          0          0          0          0          0   __rtentry2.o
         6          0          0          0          0          0   __rtentry4.o
        60          8          0          0          0          0   __scatter.o
        26          0          0          0          0          0   __scatter_copy.o
        28          0          0          0          0          0   __scatter_zi.o
        18          0          0          0          0         68   aeabi_memset.o
       488          0          0          0          0         92   aeabi_sdivfast.o
        16          0          0          0          0         68   exit.o
         6          0          0          0          0        136   heapauxi.o
         0          0          0          0          0          0   indicate_semi.o
         2          0          0          0          0          0   libinit.o
         2          0          0          0          0          0   libinit2.o
         2          0          0          0          0          0   libshutdown.o
         2          0          0          0          0          0   libshutdown2.o
         8          4          0          0         96         68   libspace.o
        64          0          0          0          0        108   rt_memclr.o
       186          0          0          0          0        144   rt_memcpy.o
         2          0          0          0          0          0   rtexit.o
        10          0          0          0          0          0   rtexit2.o
        12          4          0          0          0         60   sys_exit.o
        62          0          0          0          0         80   sys_stackheap_outer.o
         2          0          0          0          0         68   use_no_semi.o

    ----------------------------------------------------------------------
      1028         16          0          0        100        960   Library Totals
         6          0          0          0          4          0   (incl. Padding)

    ----------------------------------------------------------------------

      Code (inc. data)   RO Data    RW Data    ZI Data      Debug   Library Name

      1022         16          0          0         96        960   c_p.l

    ----------------------------------------------------------------------
      1028         16          0          0        100        960   Library Totals

    ----------------------------------------------------------------------

==============================================================================


      Code (inc. data)   RO Data    RW Data    ZI Data      Debug   

      9776        654        208        216       3880     193987   Grand Totals
      9776        654        208        216       3880     193987   ELF Image Totals
      9776        654        208        216          0          0   ROM Totals

==============================================================================

    Total RO  Size (Code + RO Data)                 9984 (   9.75kB)
    Total RW  Size (RW Data + ZI Data)              4096 (   4.00kB)
    Total ROM Size (Code + RO Data + RW Data)      10200 (   9.96kB)

==============================================================================

